Archive member included to satisfy reference by file (symbol)

/usr/lib/gcc/arm-none-eabi/10.3.1/../../../arm-none-eabi/lib/thumb/v7-m/nofp/libc_nano.a(lib_a-atexit.o)
                              /usr/lib/gcc/arm-none-eabi/10.3.1/../../../arm-none-eabi/lib/thumb/v7-m/nofp/crt0.o (atexit)
/usr/lib/gcc/arm-none-eabi/10.3.1/../../../arm-none-eabi/lib/thumb/v7-m/nofp/libc_nano.a(lib_a-errno.o)
                              build/sysmem.o (__errno)
/usr/lib/gcc/arm-none-eabi/10.3.1/../../../arm-none-eabi/lib/thumb/v7-m/nofp/libc_nano.a(lib_a-exit.o)
                              /usr/lib/gcc/arm-none-eabi/10.3.1/../../../arm-none-eabi/lib/thumb/v7-m/nofp/crt0.o (exit)
/usr/lib/gcc/arm-none-eabi/10.3.1/../../../arm-none-eabi/lib/thumb/v7-m/nofp/libc_nano.a(lib_a-fini.o)
                              /usr/lib/gcc/arm-none-eabi/10.3.1/../../../arm-none-eabi/lib/thumb/v7-m/nofp/crt0.o (__libc_fini_array)
/usr/lib/gcc/arm-none-eabi/10.3.1/../../../arm-none-eabi/lib/thumb/v7-m/nofp/libc_nano.a(lib_a-impure.o)
                              /usr/lib/gcc/arm-none-eabi/10.3.1/../../../arm-none-eabi/lib/thumb/v7-m/nofp/libc_nano.a(lib_a-exit.o) (_global_impure_ptr)
/usr/lib/gcc/arm-none-eabi/10.3.1/../../../arm-none-eabi/lib/thumb/v7-m/nofp/libc_nano.a(lib_a-init.o)
                              /usr/lib/gcc/arm-none-eabi/10.3.1/../../../arm-none-eabi/lib/thumb/v7-m/nofp/crt0.o (__libc_init_array)
/usr/lib/gcc/arm-none-eabi/10.3.1/../../../arm-none-eabi/lib/thumb/v7-m/nofp/libc_nano.a(lib_a-memcpy.o)
                              build/queue.o (memcpy)
/usr/lib/gcc/arm-none-eabi/10.3.1/../../../arm-none-eabi/lib/thumb/v7-m/nofp/libc_nano.a(lib_a-memset.o)
                              /usr/lib/gcc/arm-none-eabi/10.3.1/../../../arm-none-eabi/lib/thumb/v7-m/nofp/crt0.o (memset)
/usr/lib/gcc/arm-none-eabi/10.3.1/../../../arm-none-eabi/lib/thumb/v7-m/nofp/libc_nano.a(lib_a-__atexit.o)
                              /usr/lib/gcc/arm-none-eabi/10.3.1/../../../arm-none-eabi/lib/thumb/v7-m/nofp/libc_nano.a(lib_a-atexit.o) (__register_exitproc)
/usr/lib/gcc/arm-none-eabi/10.3.1/../../../arm-none-eabi/lib/thumb/v7-m/nofp/libc_nano.a(lib_a-__call_atexit.o)
                              /usr/lib/gcc/arm-none-eabi/10.3.1/../../../arm-none-eabi/lib/thumb/v7-m/nofp/libc_nano.a(lib_a-__atexit.o) (__call_exitprocs)

Discarded input sections

 .text          0x0000000000000000        0x0 /usr/lib/gcc/arm-none-eabi/10.3.1/thumb/v7-m/nofp/crti.o
 .data          0x0000000000000000        0x0 /usr/lib/gcc/arm-none-eabi/10.3.1/thumb/v7-m/nofp/crti.o
 .bss           0x0000000000000000        0x0 /usr/lib/gcc/arm-none-eabi/10.3.1/thumb/v7-m/nofp/crti.o
 .data          0x0000000000000000        0x4 /usr/lib/gcc/arm-none-eabi/10.3.1/thumb/v7-m/nofp/crtbegin.o
 .rodata        0x0000000000000000       0x24 /usr/lib/gcc/arm-none-eabi/10.3.1/thumb/v7-m/nofp/crtbegin.o
 .text          0x0000000000000000       0x70 /usr/lib/gcc/arm-none-eabi/10.3.1/../../../arm-none-eabi/lib/thumb/v7-m/nofp/crt0.o
 .data          0x0000000000000000        0x0 /usr/lib/gcc/arm-none-eabi/10.3.1/../../../arm-none-eabi/lib/thumb/v7-m/nofp/crt0.o
 .bss           0x0000000000000000        0x0 /usr/lib/gcc/arm-none-eabi/10.3.1/../../../arm-none-eabi/lib/thumb/v7-m/nofp/crt0.o
 .ARM.extab     0x0000000000000000        0x0 /usr/lib/gcc/arm-none-eabi/10.3.1/../../../arm-none-eabi/lib/thumb/v7-m/nofp/crt0.o
 .ARM.exidx     0x0000000000000000       0x10 /usr/lib/gcc/arm-none-eabi/10.3.1/../../../arm-none-eabi/lib/thumb/v7-m/nofp/crt0.o
 .debug_line    0x0000000000000000       0x87 /usr/lib/gcc/arm-none-eabi/10.3.1/../../../arm-none-eabi/lib/thumb/v7-m/nofp/crt0.o
 .debug_info    0x0000000000000000       0x26 /usr/lib/gcc/arm-none-eabi/10.3.1/../../../arm-none-eabi/lib/thumb/v7-m/nofp/crt0.o
 .debug_abbrev  0x0000000000000000       0x14 /usr/lib/gcc/arm-none-eabi/10.3.1/../../../arm-none-eabi/lib/thumb/v7-m/nofp/crt0.o
 .debug_aranges
                0x0000000000000000       0x20 /usr/lib/gcc/arm-none-eabi/10.3.1/../../../arm-none-eabi/lib/thumb/v7-m/nofp/crt0.o
 .debug_str     0x0000000000000000       0x94 /usr/lib/gcc/arm-none-eabi/10.3.1/../../../arm-none-eabi/lib/thumb/v7-m/nofp/crt0.o
 .ARM.attributes
                0x0000000000000000       0x1b /usr/lib/gcc/arm-none-eabi/10.3.1/../../../arm-none-eabi/lib/thumb/v7-m/nofp/crt0.o
 .text          0x0000000000000000        0x0 build/spi.o
 .data          0x0000000000000000        0x0 build/spi.o
 .bss           0x0000000000000000        0x0 build/spi.o
 .text.spi_ss_on
                0x0000000000000000        0x8 build/spi.o
 .text.spi_ss_off
                0x0000000000000000        0x8 build/spi.o
 .text.spi_read
                0x0000000000000000       0x2e build/spi.o
 .text.spi_write
                0x0000000000000000       0x26 build/spi.o
 .text          0x0000000000000000        0x0 build/can.o
 .data          0x0000000000000000        0x0 build/can.o
 .bss           0x0000000000000000        0x0 build/can.o
[...]
Memory Configuration

Name             Origin             Length             Attributes
RAM              0x0000000020000000 0x0000000000005000 xrw
FLASH            0x0000000008000000 0x0000000000010000 xr
*default*        0x0000000000000000 0xffffffffffffffff

Linker script and memory map

LOAD /usr/lib/gcc/arm-none-eabi/10.3.1/thumb/v7-m/nofp/crti.o
LOAD /usr/lib/gcc/arm-none-eabi/10.3.1/thumb/v7-m/nofp/crtbegin.o
LOAD /usr/lib/gcc/arm-none-eabi/10.3.1/../../../arm-none-eabi/lib/thumb/v7-m/nofp/crt0.o
LOAD build/spi.o
LOAD build/can.o
LOAD build/gpio.o
LOAD build/platform.o
LOAD build/led.o
LOAD build/led_io.o
LOAD build/main.o
LOAD build/freertos.o
LOAD build/stm32f1xx_it.o
LOAD build/stm32f1xx_hal_msp.o
LOAD build/stm32f1xx_hal_gpio_ex.o
LOAD build/stm32f1xx_hal_can.o
LOAD build/stm32f1xx_hal.o
LOAD build/stm32f1xx_hal_rcc.o
LOAD build/stm32f1xx_hal_rcc_ex.o
LOAD build/stm32f1xx_hal_gpio.o
LOAD build/stm32f1xx_hal_dma.o
LOAD build/stm32f1xx_hal_cortex.o
LOAD build/stm32f1xx_hal_pwr.o
LOAD build/stm32f1xx_hal_flash.o
LOAD build/stm32f1xx_hal_flash_ex.o
LOAD build/stm32f1xx_hal_exti.o
LOAD build/stm32f1xx_hal_spi.o
LOAD build/system_stm32f1xx.o
LOAD build/croutine.o
LOAD build/event_groups.o
LOAD build/list.o
LOAD build/queue.o
LOAD build/stream_buffer.o
LOAD build/tasks.o
LOAD build/timers.o
LOAD build/cmsis_os.o
LOAD build/heap_4.o
LOAD build/port.o
LOAD build/sysmem.o
LOAD build/syscalls.o
LOAD build/startup_stm32f103xb.o
LOAD /usr/lib/gcc/arm-none-eabi/10.3.1/../../../arm-none-eabi/lib/thumb/v7-m/nofp/libc_nano.a
LOAD /usr/lib/gcc/arm-none-eabi/10.3.1/../../../arm-none-eabi/lib/thumb/v7-m/nofp/libm.a
LOAD /usr/lib/gcc/arm-none-eabi/10.3.1/../../../arm-none-eabi/lib/thumb/v7-m/nofp/libnosys.a
START GROUP
LOAD /usr/lib/gcc/arm-none-eabi/10.3.1/thumb/v7-m/nofp/libgcc.a
LOAD /usr/lib/gcc/arm-none-eabi/10.3.1/../../../arm-none-eabi/lib/thumb/v7-m/nofp/libc_nano.a
END GROUP
START GROUP
LOAD /usr/lib/gcc/arm-none-eabi/10.3.1/thumb/v7-m/nofp/libgcc.a
LOAD /usr/lib/gcc/arm-none-eabi/10.3.1/../../../arm-none-eabi/lib/thumb/v7-m/nofp/libc_nano.a
END GROUP
LOAD /usr/lib/gcc/arm-none-eabi/10.3.1/thumb/v7-m/nofp/crtend.o
LOAD /usr/lib/gcc/arm-none-eabi/10.3.1/thumb/v7-m/nofp/crtn.o
                0x0000000020005000                _estack = (ORIGIN (RAM) + LENGTH (RAM))
                0x0000000000000200                _Min_Heap_Size = 0x200
                0x0000000000000400                _Min_Stack_Size = 0x400

.isr_vector     0x0000000008000000      0x10c
                0x0000000008000000                . = ALIGN (0x4)
 *(.isr_vector)
 .isr_vector    0x0000000008000000      0x10c build/startup_stm32f103xb.o
                0x0000000008000000                g_pfnVectors
                0x000000000800010c                . = ALIGN (0x4)

.text           0x0000000008000110     0x260c
                0x0000000008000110                . = ALIGN (0x4)
 *(.text)
 .text          0x0000000008000110       0x88 /usr/lib/gcc/arm-none-eabi/10.3.1/thumb/v7-m/nofp/crtbegin.o
 .text          0x0000000008000198       0x48 /usr/lib/gcc/arm-none-eabi/10.3.1/../../../arm-none-eabi/lib/thumb/v7-m/nofp/libc_nano.a(lib_a-init.o)
                0x0000000008000198                __libc_init_array
 .text          0x00000000080001e0       0xec /usr/lib/gcc/arm-none-eabi/10.3.1/../../../arm-none-eabi/lib/thumb/v7-m/nofp/libc_nano.a(lib_a-memcpy.o)
                0x00000000080001e0                memcpy
 .text          0x00000000080002cc       0xa4 /usr/lib/gcc/arm-none-eabi/10.3.1/../../../arm-none-eabi/lib/thumb/v7-m/nofp/libc_nano.a(lib_a-memset.o)
                0x00000000080002cc                memset
 *(.text*)
 .text.spi_init
                0x0000000008000370       0x14 build/spi.o
                0x0000000008000370                spi_init
 .text.gpio_set
                0x0000000008000384        0xe build/gpio.o
                0x0000000008000384                gpio_set
 .text.gpio_reset
                0x0000000008000392        0xe build/gpio.o
                0x0000000008000392                gpio_reset
 .text.gpio_toggle
                0x00000000080003a0        0xc build/gpio.o
                0x00000000080003a0                gpio_toggle
 .text.led_on   0x00000000080003ac        0xa build/led.o
                0x00000000080003ac                led_on
 .text.led_off  0x00000000080003b6        0xa build/led.o
                0x00000000080003b6                led_off
 .text.led_blink
                0x00000000080003c0       0x20 build/led.o
                0x00000000080003c0                led_blink
 .text.led_io_toggle
                0x00000000080003e0        0x8 build/led_io.o
 .text.led_io_off
                0x00000000080003e8        0x8 build/led_io.o
 .text.led_io_on
                0x00000000080003f0        0x8 build/led_io.o
 .text.MX_GPIO_Init
                0x00000000080003f8       0x78 build/main.o
 .text.StartDefaultTask
                0x0000000008000470       0x20 build/main.o
                0x0000000008000470                StartDefaultTask
 .text.Error_Handler
                0x0000000008000490        0x4 build/main.o
                0x0000000008000490                Error_Handler
 .text.MX_CAN_Init
                0x0000000008000494       0x38 build/main.o
 .text.MX_SPI2_Init
                0x00000000080004cc       0x40 build/main.o
 .text.SystemClock_Config
                0x000000000800050c       0x5e build/main.o
                0x000000000800050c                SystemClock_Config
 *fill*         0x000000000800056a        0x2 
 .text.main     0x000000000800056c       0x50 build/main.o
                0x000000000800056c                main
 .text.vApplicationGetIdleTaskMemory
                0x00000000080005bc       0x18 build/freertos.o
                0x00000000080005bc                vApplicationGetIdleTaskMemory
 .text.NMI_Handler
                0x00000000080005d4        0x2 build/stm32f1xx_it.o
                0x00000000080005d4                NMI_Handler
 .text.HardFault_Handler
                0x00000000080005d6        0x2 build/stm32f1xx_it.o
                0x00000000080005d6                HardFault_Handler
 .text.MemManage_Handler
                0x00000000080005d8        0x2 build/stm32f1xx_it.o
                0x00000000080005d8                MemManage_Handler
 .text.BusFault_Handler
                0x00000000080005da        0x2 build/stm32f1xx_it.o
                0x00000000080005da                BusFault_Handler
 .text.UsageFault_Handler
                0x00000000080005dc        0x2 build/stm32f1xx_it.o
                0x00000000080005dc                UsageFault_Handler
 .text.DebugMon_Handler
                0x00000000080005de        0x2 build/stm32f1xx_it.o
                0x00000000080005de                DebugMon_Handler
 .text.SysTick_Handler
                0x00000000080005e0       0x16 build/stm32f1xx_it.o
                0x00000000080005e0                SysTick_Handler
 *fill*         0x00000000080005f6        0x2 
 .text.HAL_MspInit
                0x00000000080005f8       0x54 build/stm32f1xx_hal_msp.o
                0x00000000080005f8                HAL_MspInit
 .text.HAL_CAN_MspInit
                0x000000000800064c       0x74 build/stm32f1xx_hal_msp.o
                0x000000000800064c                HAL_CAN_MspInit
 .text.HAL_SPI_MspInit
                0x00000000080006c0       0x78 build/stm32f1xx_hal_msp.o
                0x00000000080006c0                HAL_SPI_MspInit
 .text.HAL_CAN_Init
                0x0000000008000738      0x14c build/stm32f1xx_hal_can.o
                0x0000000008000738                HAL_CAN_Init
 .text.HAL_InitTick
                0x0000000008000884       0x4c build/stm32f1xx_hal.o
                0x0000000008000884                HAL_InitTick
 .text.HAL_Init
                0x00000000080008d0       0x24 build/stm32f1xx_hal.o
                0x00000000080008d0                HAL_Init
 .text.HAL_IncTick
                0x00000000080008f4       0x18 build/stm32f1xx_hal.o
                0x00000000080008f4                HAL_IncTick
 .text.HAL_GetTick
                0x000000000800090c        0xc build/stm32f1xx_hal.o
                0x000000000800090c                HAL_GetTick
 .text.RCC_Delay
                0x0000000008000918       0x2c build/stm32f1xx_hal_rcc.o
 .text.HAL_RCC_OscConfig
                0x0000000008000944      0x410 build/stm32f1xx_hal_rcc.o
                0x0000000008000944                HAL_RCC_OscConfig
 .text.HAL_RCC_GetSysClockFreq
                0x0000000008000d54       0x54 build/stm32f1xx_hal_rcc.o
                0x0000000008000d54                HAL_RCC_GetSysClockFreq
 .text.HAL_RCC_ClockConfig
                0x0000000008000da8      0x16c build/stm32f1xx_hal_rcc.o
                0x0000000008000da8                HAL_RCC_ClockConfig
 .text.HAL_GPIO_Init
                0x0000000008000f14      0x224 build/stm32f1xx_hal_gpio.o
                0x0000000008000f14                HAL_GPIO_Init
 .text.HAL_GPIO_WritePin
                0x0000000008001138        0xc build/stm32f1xx_hal_gpio.o
                0x0000000008001138                HAL_GPIO_WritePin
 .text.HAL_GPIO_TogglePin
                0x0000000008001144       0x12 build/stm32f1xx_hal_gpio.o
                0x0000000008001144                HAL_GPIO_TogglePin
 *fill*         0x0000000008001156        0x2 
 .text.HAL_NVIC_SetPriorityGrouping
                0x0000000008001158       0x24 build/stm32f1xx_hal_cortex.o
                0x0000000008001158                HAL_NVIC_SetPriorityGrouping
 .text.HAL_NVIC_SetPriority
                0x000000000800117c       0x70 build/stm32f1xx_hal_cortex.o
                0x000000000800117c                HAL_NVIC_SetPriority
 .text.HAL_SYSTICK_Config
                0x00000000080011ec       0x28 build/stm32f1xx_hal_cortex.o
                0x00000000080011ec                HAL_SYSTICK_Config
 .text.HAL_SPI_Init
                0x0000000008001214       0xb6 build/stm32f1xx_hal_spi.o
                0x0000000008001214                HAL_SPI_Init
 .text.SystemInit
                0x00000000080012ca        0x2 build/system_stm32f1xx.o
                0x00000000080012ca                SystemInit
 .text.vListInitialise
                0x00000000080012cc       0x16 build/list.o
                0x00000000080012cc                vListInitialise
 .text.vListInitialiseItem
                0x00000000080012e2        0x6 build/list.o
                0x00000000080012e2                vListInitialiseItem
 .text.vListInsertEnd
                0x00000000080012e8       0x16 build/list.o
                0x00000000080012e8                vListInsertEnd
 .text.vListInsert
                0x00000000080012fe       0x32 build/list.o
                0x00000000080012fe                vListInsert
 .text.uxListRemove
                0x0000000008001330       0x26 build/list.o
                0x0000000008001330                uxListRemove
 .text.prvIsQueueFull
                0x0000000008001356       0x1e build/queue.o
 .text.prvCopyDataToQueue
                0x0000000008001374       0x76 build/queue.o
 .text.prvUnlockQueue
                0x00000000080013ea       0x6e build/queue.o
 .text.xQueueGenericReset
                0x0000000008001458       0x84 build/queue.o
                0x0000000008001458                xQueueGenericReset
 .text.prvInitialiseNewQueue
                0x00000000080014dc       0x1c build/queue.o
 .text.xQueueGenericCreateStatic
                0x00000000080014f8       0x94 build/queue.o
                0x00000000080014f8                xQueueGenericCreateStatic
 .text.xQueueGenericCreate
                0x000000000800158c       0x48 build/queue.o
                0x000000000800158c                xQueueGenericCreate
 .text.xQueueGenericSend
                0x00000000080015d4      0x188 build/queue.o
                0x00000000080015d4                xQueueGenericSend
 .text.prvInitialiseMutex
                0x000000000800175c       0x18 build/queue.o
 .text.xQueueCreateMutex
                0x0000000008001774       0x16 build/queue.o
                0x0000000008001774                xQueueCreateMutex
 .text.xQueueCreateMutexStatic
                0x000000000800178a       0x1e build/queue.o
                0x000000000800178a                xQueueCreateMutexStatic
 .text.prvResetNextTaskUnblockTime
                0x00000000080017a8       0x2c build/tasks.o
 .text.prvInitialiseNewTask
                0x00000000080017d4       0xa2 build/tasks.o
 *fill*         0x0000000008001876        0x2 
 .text.prvInitialiseTaskLists
                0x0000000008001878       0x68 build/tasks.o
 .text.prvAddNewTaskToReadyList
                0x00000000080018e0       0xa8 build/tasks.o
 .text.prvDeleteTCB
                0x0000000008001988       0x38 build/tasks.o
 .text.prvCheckTasksWaitingTermination
                0x00000000080019c0       0x4c build/tasks.o
 .text.prvIdleTask
                0x0000000008001a0c       0x28 build/tasks.o
 .text.prvAddCurrentTaskToDelayedList
                0x0000000008001a34       0x98 build/tasks.o
 .text.xTaskCreateStatic
                0x0000000008001acc       0x76 build/tasks.o
                0x0000000008001acc                xTaskCreateStatic
 .text.xTaskCreate
                0x0000000008001b42       0x68 build/tasks.o
                0x0000000008001b42                xTaskCreate
 *fill*         0x0000000008001baa        0x2 
 .text.vTaskStartScheduler
                0x0000000008001bac       0x74 build/tasks.o
                0x0000000008001bac                vTaskStartScheduler
 .text.vTaskSuspendAll
                0x0000000008001c20       0x10 build/tasks.o
                0x0000000008001c20                vTaskSuspendAll
 .text.xTaskIncrementTick
                0x0000000008001c30      0x118 build/tasks.o
                0x0000000008001c30                xTaskIncrementTick
 .text.xTaskResumeAll
                0x0000000008001d48       0xf8 build/tasks.o
                0x0000000008001d48                xTaskResumeAll
 .text.vTaskDelay
                0x0000000008001e40       0x4c build/tasks.o
                0x0000000008001e40                vTaskDelay
 .text.vTaskSwitchContext
                0x0000000008001e8c       0x98 build/tasks.o
                0x0000000008001e8c                vTaskSwitchContext
 .text.vTaskPlaceOnEventList
                0x0000000008001f24       0x30 build/tasks.o
                0x0000000008001f24                vTaskPlaceOnEventList
 .text.xTaskRemoveFromEventList
                0x0000000008001f54       0x8c build/tasks.o
                0x0000000008001f54                xTaskRemoveFromEventList
 .text.vTaskInternalSetTimeOutState
                0x0000000008001fe0       0x18 build/tasks.o
                0x0000000008001fe0                vTaskInternalSetTimeOutState
 .text.xTaskCheckForTimeOut
                0x0000000008001ff8       0x84 build/tasks.o
                0x0000000008001ff8                xTaskCheckForTimeOut
 .text.vTaskMissedYield
                0x000000000800207c        0xc build/tasks.o
                0x000000000800207c                vTaskMissedYield
 .text.xTaskGetSchedulerState
                0x0000000008002088       0x20 build/tasks.o
                0x0000000008002088                xTaskGetSchedulerState
 .text.xTaskPriorityDisinherit
                0x00000000080020a8       0xb4 build/tasks.o
                0x00000000080020a8                xTaskPriorityDisinherit
 .text.makeFreeRtosPriority
                0x000000000800215c        0xc build/cmsis_os.o
 .text.osKernelStart
                0x0000000008002168        0xa build/cmsis_os.o
                0x0000000008002168                osKernelStart
 .text.osThreadCreate
                0x0000000008002172       0x6a build/cmsis_os.o
                0x0000000008002172                osThreadCreate
 .text.osDelay  0x00000000080021dc        0xe build/cmsis_os.o
                0x00000000080021dc                osDelay
 .text.osMutexCreate
                0x00000000080021ea       0x16 build/cmsis_os.o
                0x00000000080021ea                osMutexCreate
 .text.prvHeapInit
                0x0000000008002200       0x64 build/heap_4.o
 .text.prvInsertBlockIntoFreeList
                0x0000000008002264       0x60 build/heap_4.o
 .text.pvPortMalloc
                0x00000000080022c4       0xfc build/heap_4.o
                0x00000000080022c4                pvPortMalloc
 .text.vPortFree
                0x00000000080023c0       0x7c build/heap_4.o
                0x00000000080023c0                vPortFree
 .text.prvTaskExitError
                0x000000000800243c       0x40 build/port.o
 .text.prvPortStartFirstTask
                0x000000000800247c       0x20 build/port.o
 .text.pxPortInitialiseStack
                0x000000000800249c       0x24 build/port.o
                0x000000000800249c                pxPortInitialiseStack
 .text.SVC_Handler
                0x00000000080024c0       0x24 build/port.o
                0x00000000080024c0                SVC_Handler
 .text.vPortEnterCritical
                0x00000000080024e4       0x44 build/port.o
                0x00000000080024e4                vPortEnterCritical
 .text.vPortExitCritical
                0x0000000008002528       0x2c build/port.o
                0x0000000008002528                vPortExitCritical
 *fill*         0x0000000008002554        0xc 
 .text.PendSV_Handler
                0x0000000008002560       0x44 build/port.o
                0x0000000008002560                PendSV_Handler
 .text.xPortSysTickHandler
                0x00000000080025a4       0x2c build/port.o
                0x00000000080025a4                xPortSysTickHandler
 .text.vPortSetupTimerInterrupt
                0x00000000080025d0       0x28 build/port.o
                0x00000000080025d0                vPortSetupTimerInterrupt
 .text.xPortStartScheduler
                0x00000000080025f8       0xc0 build/port.o
                0x00000000080025f8                xPortStartScheduler
 .text.Reset_Handler
                0x00000000080026b8       0x48 build/startup_stm32f103xb.o
                0x00000000080026b8                Reset_Handler
 .text.Default_Handler
                0x0000000008002700        0x2 build/startup_stm32f103xb.o
                0x0000000008002700                RTC_Alarm_IRQHandler
                0x0000000008002700                EXTI2_IRQHandler
                0x0000000008002700                TIM1_CC_IRQHandler
                0x0000000008002700                PVD_IRQHandler
                0x0000000008002700                EXTI3_IRQHandler
                0x0000000008002700                EXTI0_IRQHandler
                0x0000000008002700                I2C2_EV_IRQHandler
                0x0000000008002700                ADC1_2_IRQHandler
                0x0000000008002700                SPI1_IRQHandler
                0x0000000008002700                TAMPER_IRQHandler
                0x0000000008002700                DMA1_Channel4_IRQHandler
                0x0000000008002700                USART3_IRQHandler
                0x0000000008002700                RTC_IRQHandler
                0x0000000008002700                DMA1_Channel7_IRQHandler
                0x0000000008002700                CAN1_RX1_IRQHandler
                0x0000000008002700                TIM4_IRQHandler
                0x0000000008002700                I2C1_EV_IRQHandler
                0x0000000008002700                DMA1_Channel6_IRQHandler
                0x0000000008002700                TIM3_IRQHandler
                0x0000000008002700                RCC_IRQHandler
                0x0000000008002700                TIM1_TRG_COM_IRQHandler
                0x0000000008002700                DMA1_Channel1_IRQHandler
                0x0000000008002700                Default_Handler
                0x0000000008002700                EXTI15_10_IRQHandler
                0x0000000008002700                EXTI9_5_IRQHandler
                0x0000000008002700                SPI2_IRQHandler
                0x0000000008002700                DMA1_Channel5_IRQHandler
                0x0000000008002700                EXTI4_IRQHandler
                0x0000000008002700                USB_LP_CAN1_RX0_IRQHandler
                0x0000000008002700                USB_HP_CAN1_TX_IRQHandler
                0x0000000008002700                DMA1_Channel3_IRQHandler
                0x0000000008002700                TIM1_UP_IRQHandler
                0x0000000008002700                WWDG_IRQHandler
                0x0000000008002700                TIM2_IRQHandler
                0x0000000008002700                TIM1_BRK_IRQHandler
                0x0000000008002700                EXTI1_IRQHandler
                0x0000000008002700                USART2_IRQHandler
                0x0000000008002700                I2C2_ER_IRQHandler
                0x0000000008002700                DMA1_Channel2_IRQHandler
                0x0000000008002700                CAN1_SCE_IRQHandler
                0x0000000008002700                FLASH_IRQHandler
                0x0000000008002700                USART1_IRQHandler
                0x0000000008002700                I2C1_ER_IRQHandler
                0x0000000008002700                USBWakeUp_IRQHandler
 *(.glue_7)
 .glue_7        0x0000000008002702        0x0 linker stubs
 *(.glue_7t)
 .glue_7t       0x0000000008002702        0x0 linker stubs
 *(.eh_frame)
 *fill*         0x0000000008002702        0x2 
 .eh_frame      0x0000000008002704        0x0 /usr/lib/gcc/arm-none-eabi/10.3.1/thumb/v7-m/nofp/crtbegin.o
 *(.init)
 .init          0x0000000008002704        0x4 /usr/lib/gcc/arm-none-eabi/10.3.1/thumb/v7-m/nofp/crti.o
                0x0000000008002704                _init
 .init          0x0000000008002708        0x8 /usr/lib/gcc/arm-none-eabi/10.3.1/thumb/v7-m/nofp/crtn.o
 *(.fini)
 .fini          0x0000000008002710        0x4 /usr/lib/gcc/arm-none-eabi/10.3.1/thumb/v7-m/nofp/crti.o
                0x0000000008002710                _fini
 .fini          0x0000000008002714        0x8 /usr/lib/gcc/arm-none-eabi/10.3.1/thumb/v7-m/nofp/crtn.o
                0x000000000800271c                . = ALIGN (0x4)
                0x000000000800271c                _etext = .

.vfp11_veneer   0x000000000800271c        0x0
 .vfp11_veneer  0x000000000800271c        0x0 linker stubs

.v4_bx          0x000000000800271c        0x0
 .v4_bx         0x000000000800271c        0x0 linker stubs

.iplt           0x000000000800271c        0x0
 .iplt          0x000000000800271c        0x0 /usr/lib/gcc/arm-none-eabi/10.3.1/thumb/v7-m/nofp/crtbegin.o

.rodata         0x000000000800271c       0x5c
                0x000000000800271c                . = ALIGN (0x4)
 *(.rodata)
 .rodata        0x000000000800271c       0x1c build/main.o
 *(.rodata*)
 .rodata.os_mutex_def_spi_mutex
                0x0000000008002738        0x8 build/spi.o
                0x0000000008002738                os_mutex_def_spi_mutex
 .rodata.str1.4
                0x0000000008002740        0xc build/main.o
 .rodata.aPLLMULFactorTable.1
                0x000000000800274c       0x10 build/stm32f1xx_hal_rcc.o
 .rodata.aPredivFactorTable.0
                0x000000000800275c        0x2 build/stm32f1xx_hal_rcc.o
 *fill*         0x000000000800275e        0x2 
 .rodata.AHBPrescTable
                0x0000000008002760       0x10 build/system_stm32f1xx.o
                0x0000000008002760                AHBPrescTable
 .rodata.vTaskStartScheduler.str1.4
                0x0000000008002770        0x5 build/tasks.o
                0x0000000008002778                . = ALIGN (0x4)
 *fill*         0x0000000008002775        0x3 

.ARM.extab      0x0000000008002778        0x0
                0x0000000008002778                . = ALIGN (0x4)
 *(.ARM.extab* .gnu.linkonce.armextab.*)
                0x0000000008002778                . = ALIGN (0x4)

.ARM            0x0000000008002778        0x0
                0x0000000008002778                . = ALIGN (0x4)
                0x0000000008002778                __exidx_start = .
 *(.ARM.exidx*)
                0x0000000008002778                __exidx_end = .
                0x0000000008002778                . = ALIGN (0x4)

.preinit_array  0x0000000008002778        0x0
                0x0000000008002778                . = ALIGN (0x4)
                0x0000000008002778                PROVIDE (__preinit_array_start = .)
 *(.preinit_array*)
                0x0000000008002778                PROVIDE (__preinit_array_end = .)
                0x0000000008002778                . = ALIGN (0x4)

.init_array     0x0000000008002778        0x4
                0x0000000008002778                . = ALIGN (0x4)
                0x0000000008002778                PROVIDE (__init_array_start = .)
 *(SORT_BY_NAME(.init_array.*))
 *(.init_array*)
 .init_array    0x0000000008002778        0x4 /usr/lib/gcc/arm-none-eabi/10.3.1/thumb/v7-m/nofp/crtbegin.o
                0x000000000800277c                PROVIDE (__init_array_end = .)
                0x000000000800277c                . = ALIGN (0x4)

.fini_array     0x000000000800277c        0x4
                0x000000000800277c                . = ALIGN (0x4)
                0x000000000800277c                PROVIDE (__fini_array_start = .)
 *(SORT_BY_NAME(.fini_array.*))
 *(.fini_array*)
 .fini_array    0x000000000800277c        0x4 /usr/lib/gcc/arm-none-eabi/10.3.1/thumb/v7-m/nofp/crtbegin.o
                0x0000000008002780                PROVIDE (__fini_array_end = .)
                0x0000000008002780                . = ALIGN (0x4)
                0x0000000008002780                _sidata = LOADADDR (.data)

.rel.dyn        0x0000000008002780        0x0
 .rel.iplt      0x0000000008002780        0x0 /usr/lib/gcc/arm-none-eabi/10.3.1/thumb/v7-m/nofp/crtbegin.o

.data           0x0000000020000000       0x30 load address 0x0000000008002780
                0x0000000020000000                . = ALIGN (0x4)
                0x0000000020000000                _sdata = .
 *(.data)
 *(.data*)
 .data.led_dev  0x0000000020000000        0xc build/platform.o
                0x0000000020000000                led_dev
 .data.spi_dev  0x000000002000000c        0x8 build/platform.o
                0x000000002000000c                spi_dev
 .data.led_io_driver
                0x0000000020000014        0xc build/led_io.o
                0x0000000020000014                led_io_driver
 .data.uwTickFreq
                0x0000000020000020        0x1 build/stm32f1xx_hal.o
                0x0000000020000020                uwTickFreq
 *fill*         0x0000000020000021        0x3 
 .data.uwTickPrio
                0x0000000020000024        0x4 build/stm32f1xx_hal.o
                0x0000000020000024                uwTickPrio
 .data.SystemCoreClock
                0x0000000020000028        0x4 build/system_stm32f1xx.o
                0x0000000020000028                SystemCoreClock
 .data.uxCriticalNesting
                0x000000002000002c        0x4 build/port.o
 *(.RamFunc)
 *(.RamFunc*)
                0x0000000020000030                . = ALIGN (0x4)
                0x0000000020000030                _edata = .

.tm_clone_table
                0x0000000020000030        0x0 load address 0x00000000080027b0
 .tm_clone_table
                0x0000000020000030        0x0 /usr/lib/gcc/arm-none-eabi/10.3.1/thumb/v7-m/nofp/crtbegin.o
 .tm_clone_table
                0x0000000020000030        0x0 /usr/lib/gcc/arm-none-eabi/10.3.1/thumb/v7-m/nofp/crtend.o

.igot.plt       0x0000000020000030        0x0 load address 0x00000000080027b0
 .igot.plt      0x0000000020000030        0x0 /usr/lib/gcc/arm-none-eabi/10.3.1/thumb/v7-m/nofp/crtbegin.o
                0x0000000020000030                . = ALIGN (0x4)

.bss            0x0000000020000030     0x104c load address 0x00000000080027b0
                0x0000000020000030                _sbss = .
                0x0000000020000030                __bss_start__ = _sbss
 *(.bss)
 .bss           0x0000000020000030       0x1c /usr/lib/gcc/arm-none-eabi/10.3.1/thumb/v7-m/nofp/crtbegin.o
 *(.bss*)
 .bss.defaultTaskHandle
                0x000000002000004c        0x4 build/main.o
                0x000000002000004c                defaultTaskHandle
 .bss.hcan      0x0000000020000050       0x28 build/main.o
                0x0000000020000050                hcan
 .bss.hspi2     0x0000000020000078       0x58 build/main.o
                0x0000000020000078                hspi2
 .bss.xIdleStack
                0x00000000200000d0      0x200 build/freertos.o
 .bss.xIdleTaskTCBBuffer
                0x00000000200002d0       0x54 build/freertos.o
 .bss.uwTick    0x0000000020000324        0x4 build/stm32f1xx_hal.o
                0x0000000020000324                uwTick
 .bss.pxCurrentTCB
                0x0000000020000328        0x4 build/tasks.o
                0x0000000020000328                pxCurrentTCB
 .bss.pxDelayedTaskList
                0x000000002000032c        0x4 build/tasks.o
 .bss.pxOverflowDelayedTaskList
                0x0000000020000330        0x4 build/tasks.o
 .bss.pxReadyTasksLists
                0x0000000020000334       0x8c build/tasks.o
 .bss.uxCurrentNumberOfTasks
                0x00000000200003c0        0x4 build/tasks.o
 .bss.uxDeletedTasksWaitingCleanUp
                0x00000000200003c4        0x4 build/tasks.o
 .bss.uxSchedulerSuspended
                0x00000000200003c8        0x4 build/tasks.o
 .bss.uxTaskNumber
                0x00000000200003cc        0x4 build/tasks.o
 .bss.uxTopReadyPriority
                0x00000000200003d0        0x4 build/tasks.o
 .bss.xDelayedTaskList1
                0x00000000200003d4       0x14 build/tasks.o
 .bss.xDelayedTaskList2
                0x00000000200003e8       0x14 build/tasks.o
 .bss.xIdleTaskHandle
                0x00000000200003fc        0x4 build/tasks.o
 .bss.xNextTaskUnblockTime
                0x0000000020000400        0x4 build/tasks.o
 .bss.xNumOfOverflows
                0x0000000020000404        0x4 build/tasks.o
 .bss.xPendedTicks
                0x0000000020000408        0x4 build/tasks.o
 .bss.xPendingReadyList
                0x000000002000040c       0x14 build/tasks.o
 .bss.xSchedulerRunning
                0x0000000020000420        0x4 build/tasks.o
 .bss.xSuspendedTaskList
                0x0000000020000424       0x14 build/tasks.o
 .bss.xTasksWaitingTermination
                0x0000000020000438       0x14 build/tasks.o
 .bss.xTickCount
                0x000000002000044c        0x4 build/tasks.o
 .bss.xYieldPending
                0x0000000020000450        0x4 build/tasks.o
 .bss.pxEnd     0x0000000020000454        0x4 build/heap_4.o
 .bss.ucHeap    0x0000000020000458      0xc00 build/heap_4.o
 .bss.xBlockAllocatedBit
                0x0000000020001058        0x4 build/heap_4.o
 .bss.xFreeBytesRemaining
                0x000000002000105c        0x4 build/heap_4.o
 .bss.xMinimumEverFreeBytesRemaining
                0x0000000020001060        0x4 build/heap_4.o
 .bss.xNumberOfSuccessfulAllocations
                0x0000000020001064        0x4 build/heap_4.o
 .bss.xNumberOfSuccessfulFrees
                0x0000000020001068        0x4 build/heap_4.o
 .bss.xStart    0x000000002000106c        0x8 build/heap_4.o
 .bss.ucMaxSysCallPriority
                0x0000000020001074        0x1 build/port.o
 *fill*         0x0000000020001075        0x3 
 .bss.ulMaxPRIGROUPValue
                0x0000000020001078        0x4 build/port.o
 *(COMMON)
                0x000000002000107c                . = ALIGN (0x4)
                0x000000002000107c                _ebss = .
                0x000000002000107c                __bss_end__ = _ebss

._user_heap_stack
                0x000000002000107c      0x604 load address 0x00000000080027b0
                0x0000000020001080                . = ALIGN (0x8)
 *fill*         0x000000002000107c        0x4 
                [!provide]                        PROVIDE (end = .)
                0x0000000020001080                PROVIDE (_end = .)
                0x0000000020001280                . = (. + _Min_Heap_Size)
 *fill*         0x0000000020001080      0x200 
                0x0000000020001680                . = (. + _Min_Stack_Size)
 *fill*         0x0000000020001280      0x400 
                0x0000000020001680                . = ALIGN (0x8)

/DISCARD/
 libc.a(*)
 libm.a(*)
 libgcc.a(*)
OUTPUT(build/gyrocube.elf elf32-littlearm)
LOAD linker stubs
LOAD /usr/lib/gcc/arm-none-eabi/10.3.1/../../../arm-none-eabi/lib/thumb/v7-m/nofp/libc.a
LOAD /usr/lib/gcc/arm-none-eabi/10.3.1/../../../arm-none-eabi/lib/thumb/v7-m/nofp/libm.a
LOAD /usr/lib/gcc/arm-none-eabi/10.3.1/thumb/v7-m/nofp/libgcc.a

.ARM.attributes
                0x0000000000000000       0x29
 .ARM.attributes
                0x0000000000000000       0x1d /usr/lib/gcc/arm-none-eabi/10.3.1/thumb/v7-m/nofp/crti.o
 .ARM.attributes
                0x000000000000001d       0x2d /usr/lib/gcc/arm-none-eabi/10.3.1/thumb/v7-m/nofp/crtbegin.o
 .ARM.attributes
                0x000000000000004a       0x2d build/spi.o
 .ARM.attributes
                0x0000000000000077       0x2d build/gpio.o
 .ARM.attributes
                0x00000000000000a4       0x33 build/platform.o
 .ARM.attributes
                0x00000000000000d7       0x2d build/led.o
 .ARM.attributes
                0x0000000000000104       0x2d build/led_io.o
 .ARM.attributes
                0x0000000000000131       0x2d build/main.o
 .ARM.attributes
                0x000000000000015e       0x2d build/freertos.o
 .ARM.attributes
                0x000000000000018b       0x2d build/stm32f1xx_it.o
 .ARM.attributes
                0x00000000000001b8       0x2d build/stm32f1xx_hal_msp.o
 .ARM.attributes
                0x00000000000001e5       0x2d build/stm32f1xx_hal_can.o
 .ARM.attributes
                0x0000000000000212       0x2d build/stm32f1xx_hal.o
 .ARM.attributes
                0x000000000000023f       0x2d build/stm32f1xx_hal_rcc.o
 .ARM.attributes
                0x000000000000026c       0x2d build/stm32f1xx_hal_gpio.o
 .ARM.attributes
                0x0000000000000299       0x2d build/stm32f1xx_hal_cortex.o
 .ARM.attributes
                0x00000000000002c6       0x2d build/stm32f1xx_hal_spi.o
 .ARM.attributes
                0x00000000000002f3       0x2d build/system_stm32f1xx.o
 .ARM.attributes
                0x0000000000000320       0x2d build/list.o
 .ARM.attributes
                0x000000000000034d       0x2d build/queue.o
 .ARM.attributes
                0x000000000000037a       0x2d build/tasks.o
 .ARM.attributes
                0x00000000000003a7       0x2d build/cmsis_os.o
 .ARM.attributes
                0x00000000000003d4       0x2d build/heap_4.o
 .ARM.attributes
                0x0000000000000401       0x2d build/port.o
 .ARM.attributes
                0x000000000000042e       0x21 build/startup_stm32f103xb.o
 .ARM.attributes
                0x000000000000044f       0x2d /usr/lib/gcc/arm-none-eabi/10.3.1/../../../arm-none-eabi/lib/thumb/v7-m/nofp/libc_nano.a(lib_a-init.o)
 .ARM.attributes
                0x000000000000047c       0x1b /usr/lib/gcc/arm-none-eabi/10.3.1/../../../arm-none-eabi/lib/thumb/v7-m/nofp/libc_nano.a(lib_a-memcpy.o)
 .ARM.attributes
                0x0000000000000497       0x2d /usr/lib/gcc/arm-none-eabi/10.3.1/../../../arm-none-eabi/lib/thumb/v7-m/nofp/libc_nano.a(lib_a-memset.o)
 .ARM.attributes
                0x00000000000004c4       0x2d /usr/lib/gcc/arm-none-eabi/10.3.1/thumb/v7-m/nofp/crtend.o
 .ARM.attributes
                0x00000000000004f1       0x1d /usr/lib/gcc/arm-none-eabi/10.3.1/thumb/v7-m/nofp/crtn.o

.comment        0x0000000000000000       0x33
 .comment       0x0000000000000000       0x33 /usr/lib/gcc/arm-none-eabi/10.3.1/thumb/v7-m/nofp/crtbegin.o
                                         0x34 (size before relaxing)
 .comment       0x0000000000000033       0x34 build/spi.o
 .comment       0x0000000000000033       0x34 build/gpio.o
 .comment       0x0000000000000033       0x34 build/platform.o
 .comment       0x0000000000000033       0x34 build/led.o
 .comment       0x0000000000000033       0x34 build/led_io.o
 .comment       0x0000000000000033       0x34 build/main.o
 .comment       0x0000000000000033       0x34 build/freertos.o
 .comment       0x0000000000000033       0x34 build/stm32f1xx_it.o
 .comment       0x0000000000000033       0x34 build/stm32f1xx_hal_msp.o
 .comment       0x0000000000000033       0x34 build/stm32f1xx_hal_can.o
 .comment       0x0000000000000033       0x34 build/stm32f1xx_hal.o
 .comment       0x0000000000000033       0x34 build/stm32f1xx_hal_rcc.o
 .comment       0x0000000000000033       0x34 build/stm32f1xx_hal_gpio.o
 .comment       0x0000000000000033       0x34 build/stm32f1xx_hal_cortex.o
 .comment       0x0000000000000033       0x34 build/stm32f1xx_hal_spi.o
 .comment       0x0000000000000033       0x34 build/system_stm32f1xx.o
 .comment       0x0000000000000033       0x34 build/list.o
 .comment       0x0000000000000033       0x34 build/queue.o
 .comment       0x0000000000000033       0x34 build/tasks.o
 .comment       0x0000000000000033       0x34 build/cmsis_os.o
 .comment       0x0000000000000033       0x34 build/heap_4.o
 .comment       0x0000000000000033       0x34 build/port.o
 .comment       0x0000000000000033       0x34 /usr/lib/gcc/arm-none-eabi/10.3.1/../../../arm-none-eabi/lib/thumb/v7-m/nofp/libc_nano.a(lib_a-init.o)
 .comment       0x0000000000000033       0x34 /usr/lib/gcc/arm-none-eabi/10.3.1/../../../arm-none-eabi/lib/thumb/v7-m/nofp/libc_nano.a(lib_a-memset.o)
 .comment       0x0000000000000033       0x34 /usr/lib/gcc/arm-none-eabi/10.3.1/thumb/v7-m/nofp/crtend.o

.debug_info     0x0000000000000000    0x12506
 .debug_info    0x0000000000000000      0xba8 build/spi.o
 .debug_info    0x0000000000000ba8      0x39f build/gpio.o
 .debug_info    0x0000000000000f47      0x7eb build/platform.o
 .debug_info    0x0000000000001732      0x339 build/led.o
 .debug_info    0x0000000000001a6b      0x2f4 build/led_io.o
 .debug_info    0x0000000000001d5f     0x14c3 build/main.o
 .debug_info    0x0000000000003222      0x287 build/freertos.o
 .debug_info    0x00000000000034a9      0x171 build/stm32f1xx_it.o
 .debug_info    0x000000000000361a     0x1005 build/stm32f1xx_hal_msp.o
 .debug_info    0x000000000000461f     0x137c build/stm32f1xx_hal_can.o
 .debug_info    0x000000000000599b      0x849 build/stm32f1xx_hal.o
 .debug_info    0x00000000000061e4      0xacc build/stm32f1xx_hal_rcc.o
 .debug_info    0x0000000000006cb0      0x6bf build/stm32f1xx_hal_gpio.o
 .debug_info    0x000000000000736f      0xe09 build/stm32f1xx_hal_cortex.o
 .debug_info    0x0000000000008178     0x1dd4 build/stm32f1xx_hal_spi.o
 .debug_info    0x0000000000009f4c      0x256 build/system_stm32f1xx.o
 .debug_info    0x000000000000a1a2      0x303 build/list.o
 .debug_info    0x000000000000a4a5     0x23e3 build/queue.o
 .debug_info    0x000000000000c888     0x2aad build/tasks.o
 .debug_info    0x000000000000f335     0x23e5 build/cmsis_os.o
 .debug_info    0x000000000001171a      0x602 build/heap_4.o
 .debug_info    0x0000000000011d1c      0x551 build/port.o
 .debug_info    0x000000000001226d       0x22 build/startup_stm32f103xb.o
 .debug_info    0x000000000001228f      0x11a /usr/lib/gcc/arm-none-eabi/10.3.1/../../../arm-none-eabi/lib/thumb/v7-m/nofp/libc_nano.a(lib_a-init.o)
 .debug_info    0x00000000000123a9       0x26 /usr/lib/gcc/arm-none-eabi/10.3.1/../../../arm-none-eabi/lib/thumb/v7-m/nofp/libc_nano.a(lib_a-memcpy.o)
 .debug_info    0x00000000000123cf      0x137 /usr/lib/gcc/arm-none-eabi/10.3.1/../../../arm-none-eabi/lib/thumb/v7-m/nofp/libc_nano.a(lib_a-memset.o)

.debug_abbrev   0x0000000000000000     0x307f
 .debug_abbrev  0x0000000000000000      0x220 build/spi.o
 .debug_abbrev  0x0000000000000220      0x16d build/gpio.o
 .debug_abbrev  0x000000000000038d      0x12c build/platform.o
 .debug_abbrev  0x00000000000004b9      0x14e build/led.o
 .debug_abbrev  0x0000000000000607      0x158 build/led_io.o
 .debug_abbrev  0x000000000000075f      0x30d build/main.o
 .debug_abbrev  0x0000000000000a6c       0xcc build/freertos.o
 .debug_abbrev  0x0000000000000b38       0xa4 build/stm32f1xx_it.o
 .debug_abbrev  0x0000000000000bdc      0x1dd build/stm32f1xx_hal_msp.o
 .debug_abbrev  0x0000000000000db9      0x256 build/stm32f1xx_hal_can.o
 .debug_abbrev  0x000000000000100f      0x1f7 build/stm32f1xx_hal.o
 .debug_abbrev  0x0000000000001206      0x2b8 build/stm32f1xx_hal_rcc.o
 .debug_abbrev  0x00000000000014be      0x222 build/stm32f1xx_hal_gpio.o
 .debug_abbrev  0x00000000000016e0      0x359 build/stm32f1xx_hal_cortex.o
 .debug_abbrev  0x0000000000001a39      0x28a build/stm32f1xx_hal_spi.o
 .debug_abbrev  0x0000000000001cc3      0x140 build/system_stm32f1xx.o
 .debug_abbrev  0x0000000000001e03      0x124 build/list.o
 .debug_abbrev  0x0000000000001f27      0x3c4 build/queue.o
 .debug_abbrev  0x00000000000022eb      0x36b build/tasks.o
 .debug_abbrev  0x0000000000002656      0x37d build/cmsis_os.o
 .debug_abbrev  0x00000000000029d3      0x269 build/heap_4.o
 .debug_abbrev  0x0000000000002c3c      0x29d build/port.o
 .debug_abbrev  0x0000000000002ed9       0x12 build/startup_stm32f103xb.o
 .debug_abbrev  0x0000000000002eeb       0xcc /usr/lib/gcc/arm-none-eabi/10.3.1/../../../arm-none-eabi/lib/thumb/v7-m/nofp/libc_nano.a(lib_a-init.o)
 .debug_abbrev  0x0000000000002fb7       0x14 /usr/lib/gcc/arm-none-eabi/10.3.1/../../../arm-none-eabi/lib/thumb/v7-m/nofp/libc_nano.a(lib_a-memcpy.o)
 .debug_abbrev  0x0000000000002fcb       0xb4 /usr/lib/gcc/arm-none-eabi/10.3.1/../../../arm-none-eabi/lib/thumb/v7-m/nofp/libc_nano.a(lib_a-memset.o)

.debug_loc      0x0000000000000000     0xb53d
 .debug_loc     0x0000000000000000      0x1ee build/spi.o
 .debug_loc     0x00000000000001ee      0x1ce build/gpio.o
 .debug_loc     0x00000000000003bc      0x111 build/led.o
 .debug_loc     0x00000000000004cd       0xcf build/led_io.o
 .debug_loc     0x000000000000059c      0x13b build/main.o
 .debug_loc     0x00000000000006d7       0x20 build/stm32f1xx_it.o
 .debug_loc     0x00000000000006f7      0x21d build/stm32f1xx_hal_msp.o
 .debug_loc     0x0000000000000914      0xee4 build/stm32f1xx_hal_can.o
 .debug_loc     0x00000000000017f8      0x1e1 build/stm32f1xx_hal.o
 .debug_loc     0x00000000000019d9      0x790 build/stm32f1xx_hal_rcc.o
 .debug_loc     0x0000000000002169      0x551 build/stm32f1xx_hal_gpio.o
 .debug_loc     0x00000000000026ba      0x77f build/stm32f1xx_hal_cortex.o
 .debug_loc     0x0000000000002e39     0x22e5 build/stm32f1xx_hal_spi.o
 .debug_loc     0x000000000000511e       0xff build/system_stm32f1xx.o
 .debug_loc     0x000000000000521d       0xe5 build/list.o
 .debug_loc     0x0000000000005302     0x1a84 build/queue.o
 .debug_loc     0x0000000000006d86     0x245f build/tasks.o
 .debug_loc     0x00000000000091e5     0x1a22 build/cmsis_os.o
 .debug_loc     0x000000000000ac07      0x4e4 build/heap_4.o
 .debug_loc     0x000000000000b0eb      0x16c build/port.o
 .debug_loc     0x000000000000b257       0xba /usr/lib/gcc/arm-none-eabi/10.3.1/../../../arm-none-eabi/lib/thumb/v7-m/nofp/libc_nano.a(lib_a-init.o)
 .debug_loc     0x000000000000b311      0x22c /usr/lib/gcc/arm-none-eabi/10.3.1/../../../arm-none-eabi/lib/thumb/v7-m/nofp/libc_nano.a(lib_a-memset.o)

.debug_aranges  0x0000000000000000      0xdc0
 .debug_aranges
                0x0000000000000000       0x40 build/spi.o
 .debug_aranges
                0x0000000000000040       0x48 build/gpio.o
 .debug_aranges
                0x0000000000000088       0x18 build/platform.o
 .debug_aranges
                0x00000000000000a0       0x38 build/led.o
 .debug_aranges
                0x00000000000000d8       0x30 build/led_io.o
 .debug_aranges
                0x0000000000000108       0x50 build/main.o
 .debug_aranges
                0x0000000000000158       0x20 build/freertos.o
 .debug_aranges
                0x0000000000000178       0x50 build/stm32f1xx_it.o
 .debug_aranges
                0x00000000000001c8       0x40 build/stm32f1xx_hal_msp.o
 .debug_aranges
                0x0000000000000208      0x138 build/stm32f1xx_hal_can.o
 .debug_aranges
                0x0000000000000340       0xe0 build/stm32f1xx_hal.o
 .debug_aranges
                0x0000000000000420       0x90 build/stm32f1xx_hal_rcc.o
 .debug_aranges
                0x00000000000004b0       0x58 build/stm32f1xx_hal_gpio.o
 .debug_aranges
                0x0000000000000508       0x90 build/stm32f1xx_hal_cortex.o
 .debug_aranges
                0x0000000000000598      0x1d0 build/stm32f1xx_hal_spi.o
 .debug_aranges
                0x0000000000000768       0x28 build/system_stm32f1xx.o
 .debug_aranges
                0x0000000000000790       0x40 build/list.o
 .debug_aranges
                0x00000000000007d0      0x108 build/queue.o
 .debug_aranges
                0x00000000000008d8      0x1b8 build/tasks.o
 .debug_aranges
                0x0000000000000a90      0x1d8 build/cmsis_os.o
 .debug_aranges
                0x0000000000000c68       0x58 build/heap_4.o
 .debug_aranges
                0x0000000000000cc0       0x78 build/port.o
 .debug_aranges
                0x0000000000000d38       0x28 build/startup_stm32f103xb.o
 .debug_aranges
                0x0000000000000d60       0x20 /usr/lib/gcc/arm-none-eabi/10.3.1/../../../arm-none-eabi/lib/thumb/v7-m/nofp/libc_nano.a(lib_a-init.o)
 .debug_aranges
                0x0000000000000d80       0x20 /usr/lib/gcc/arm-none-eabi/10.3.1/../../../arm-none-eabi/lib/thumb/v7-m/nofp/libc_nano.a(lib_a-memcpy.o)
 .debug_aranges
                0x0000000000000da0       0x20 /usr/lib/gcc/arm-none-eabi/10.3.1/../../../arm-none-eabi/lib/thumb/v7-m/nofp/libc_nano.a(lib_a-memset.o)

.debug_ranges   0x0000000000000000      0xe18
 .debug_ranges  0x0000000000000000       0x30 build/spi.o
 .debug_ranges  0x0000000000000030       0x38 build/gpio.o
 .debug_ranges  0x0000000000000068       0x28 build/led.o
 .debug_ranges  0x0000000000000090       0x20 build/led_io.o
 .debug_ranges  0x00000000000000b0       0x40 build/main.o
 .debug_ranges  0x00000000000000f0       0x10 build/freertos.o
 .debug_ranges  0x0000000000000100       0x40 build/stm32f1xx_it.o
 .debug_ranges  0x0000000000000140       0x30 build/stm32f1xx_hal_msp.o
 .debug_ranges  0x0000000000000170      0x128 build/stm32f1xx_hal_can.o
 .debug_ranges  0x0000000000000298       0xd0 build/stm32f1xx_hal.o
 .debug_ranges  0x0000000000000368       0xa0 build/stm32f1xx_hal_rcc.o
 .debug_ranges  0x0000000000000408       0x48 build/stm32f1xx_hal_gpio.o
 .debug_ranges  0x0000000000000450       0xe0 build/stm32f1xx_hal_cortex.o
 .debug_ranges  0x0000000000000530      0x1c0 build/stm32f1xx_hal_spi.o
 .debug_ranges  0x00000000000006f0       0x18 build/system_stm32f1xx.o
 .debug_ranges  0x0000000000000708       0x30 build/list.o
 .debug_ranges  0x0000000000000738      0x1c8 build/queue.o
 .debug_ranges  0x0000000000000900      0x280 build/tasks.o
 .debug_ranges  0x0000000000000b80      0x1c8 build/cmsis_os.o
 .debug_ranges  0x0000000000000d48       0x48 build/heap_4.o
 .debug_ranges  0x0000000000000d90       0x68 build/port.o
 .debug_ranges  0x0000000000000df8       0x20 build/startup_stm32f103xb.o

.debug_line     0x0000000000000000     0xc956
 .debug_line    0x0000000000000000      0x2a2 build/spi.o
 .debug_line    0x00000000000002a2      0x1c8 build/gpio.o
 .debug_line    0x000000000000046a      0x1c6 build/platform.o
 .debug_line    0x0000000000000630      0x178 build/led.o
 .debug_line    0x00000000000007a8      0x10c build/led_io.o
 .debug_line    0x00000000000008b4      0x57c build/main.o
 .debug_line    0x0000000000000e30      0x11f build/freertos.o
 .debug_line    0x0000000000000f4f      0x209 build/stm32f1xx_it.o
 .debug_line    0x0000000000001158      0x2d4 build/stm32f1xx_hal_msp.o
 .debug_line    0x000000000000142c     0x1055 build/stm32f1xx_hal_can.o
 .debug_line    0x0000000000002481      0x489 build/stm32f1xx_hal.o
 .debug_line    0x000000000000290a      0xb79 build/stm32f1xx_hal_rcc.o
 .debug_line    0x0000000000003483      0x53c build/stm32f1xx_hal_gpio.o
 .debug_line    0x00000000000039bf      0x594 build/stm32f1xx_hal_cortex.o
 .debug_line    0x0000000000003f53     0x2573 build/stm32f1xx_hal_spi.o
 .debug_line    0x00000000000064c6      0x1a1 build/system_stm32f1xx.o
 .debug_line    0x0000000000006667      0x2cf build/list.o
 .debug_line    0x0000000000006936     0x1b25 build/queue.o
 .debug_line    0x000000000000845b     0x23f8 build/tasks.o
 .debug_line    0x000000000000a853     0x1100 build/cmsis_os.o
 .debug_line    0x000000000000b953      0x650 build/heap_4.o
 .debug_line    0x000000000000bfa3      0x580 build/port.o
 .debug_line    0x000000000000c523       0x74 build/startup_stm32f103xb.o
 .debug_line    0x000000000000c597      0x13f /usr/lib/gcc/arm-none-eabi/10.3.1/../../../arm-none-eabi/lib/thumb/v7-m/nofp/libc_nano.a(lib_a-init.o)
 .debug_line    0x000000000000c6d6       0xc1 /usr/lib/gcc/arm-none-eabi/10.3.1/../../../arm-none-eabi/lib/thumb/v7-m/nofp/libc_nano.a(lib_a-memcpy.o)
 .debug_line    0x000000000000c797      0x1bf /usr/lib/gcc/arm-none-eabi/10.3.1/../../../arm-none-eabi/lib/thumb/v7-m/nofp/libc_nano.a(lib_a-memset.o)

.debug_str      0x0000000000000000     0x4856
 .debug_str     0x0000000000000000      0x6ca build/spi.o
                                        0x778 (size before relaxing)
 .debug_str     0x00000000000006ca       0xd2 build/gpio.o
                                        0x26b (size before relaxing)
 .debug_str     0x000000000000079c       0x5a build/platform.o
                                        0x5e5 (size before relaxing)
 .debug_str     0x00000000000007f6       0x38 build/led.o
                                        0x1e8 (size before relaxing)
 .debug_str     0x000000000000082e       0x32 build/led_io.o
                                        0x20b (size before relaxing)
 .debug_str     0x0000000000000860      0x692 build/main.o
                                        0xd54 (size before relaxing)
 .debug_str     0x0000000000000ef2       0x8a build/freertos.o
                                        0x2b7 (size before relaxing)
 .debug_str     0x0000000000000f7c       0xc4 build/stm32f1xx_it.o
                                        0x217 (size before relaxing)
 .debug_str     0x0000000000001040      0x38b build/stm32f1xx_hal_msp.o
                                        0xb99 (size before relaxing)
 .debug_str     0x00000000000013cb      0x56c build/stm32f1xx_hal_can.o
                                        0x9e2 (size before relaxing)
 .debug_str     0x0000000000001937      0x2f3 build/stm32f1xx_hal.o
                                        0x7ee (size before relaxing)
 .debug_str     0x0000000000001c2a      0x1f9 build/stm32f1xx_hal_rcc.o
                                        0x5e0 (size before relaxing)
 .debug_str     0x0000000000001e23       0xf3 build/stm32f1xx_hal_gpio.o
                                        0x3bf (size before relaxing)
 .debug_str     0x0000000000001f16      0x387 build/stm32f1xx_hal_cortex.o
                                        0x889 (size before relaxing)
 .debug_str     0x000000000000229d      0x524 build/stm32f1xx_hal_spi.o
                                        0xb16 (size before relaxing)
 .debug_str     0x00000000000027c1       0x4f build/system_stm32f1xx.o
                                        0x214 (size before relaxing)
 .debug_str     0x0000000000002810      0x136 build/list.o
                                        0x2bf (size before relaxing)
 .debug_str     0x0000000000002946      0x78f build/queue.o
                                        0xb15 (size before relaxing)
 .debug_str     0x00000000000030d5      0x99d build/tasks.o
                                        0xfc3 (size before relaxing)
 .debug_str     0x0000000000003a72      0x6e1 build/cmsis_os.o
                                        0xff6 (size before relaxing)
 .debug_str     0x0000000000004153      0x2c8 build/heap_4.o
                                        0x4c3 (size before relaxing)
 .debug_str     0x000000000000441b      0x16d build/port.o
                                        0x425 (size before relaxing)
 .debug_str     0x0000000000004588       0x22 build/startup_stm32f103xb.o
                                         0x46 (size before relaxing)
 .debug_str     0x00000000000045aa      0x15b /usr/lib/gcc/arm-none-eabi/10.3.1/../../../arm-none-eabi/lib/thumb/v7-m/nofp/libc_nano.a(lib_a-init.o)
                                        0x203 (size before relaxing)
 .debug_str     0x0000000000004705       0xb2 /usr/lib/gcc/arm-none-eabi/10.3.1/../../../arm-none-eabi/lib/thumb/v7-m/nofp/libc_nano.a(lib_a-memcpy.o)
 .debug_str     0x00000000000047b7       0x9f /usr/lib/gcc/arm-none-eabi/10.3.1/../../../arm-none-eabi/lib/thumb/v7-m/nofp/libc_nano.a(lib_a-memset.o)
                                        0x1b8 (size before relaxing)

.debug_frame    0x0000000000000000     0x2324
 .debug_frame   0x0000000000000000       0x90 build/spi.o
 .debug_frame   0x0000000000000090       0xa8 build/gpio.o
 .debug_frame   0x0000000000000138       0x70 build/led.o
 .debug_frame   0x00000000000001a8       0x58 build/led_io.o
 .debug_frame   0x0000000000000200       0xc0 build/main.o
 .debug_frame   0x00000000000002c0       0x20 build/freertos.o
 .debug_frame   0x00000000000002e0       0x88 build/stm32f1xx_it.o
 .debug_frame   0x0000000000000368       0x9c build/stm32f1xx_hal_msp.o
 .debug_frame   0x0000000000000404      0x2d4 build/stm32f1xx_hal_can.o
 .debug_frame   0x00000000000006d8      0x1cc build/stm32f1xx_hal.o
 .debug_frame   0x00000000000008a4      0x184 build/stm32f1xx_hal_rcc.o
 .debug_frame   0x0000000000000a28       0xe4 build/stm32f1xx_hal_gpio.o
 .debug_frame   0x0000000000000b0c      0x118 build/stm32f1xx_hal_cortex.o
 .debug_frame   0x0000000000000c24      0x5c8 build/stm32f1xx_hal_spi.o
 .debug_frame   0x00000000000011ec       0x30 build/system_stm32f1xx.o
 .debug_frame   0x000000000000121c       0x70 build/list.o
 .debug_frame   0x000000000000128c      0x358 build/queue.o
 .debug_frame   0x00000000000015e4      0x59c build/tasks.o
 .debug_frame   0x0000000000001b80      0x58c build/cmsis_os.o
 .debug_frame   0x000000000000210c       0xd0 build/heap_4.o
 .debug_frame   0x00000000000021dc       0xf0 build/port.o
 .debug_frame   0x00000000000022cc       0x2c /usr/lib/gcc/arm-none-eabi/10.3.1/../../../arm-none-eabi/lib/thumb/v7-m/nofp/libc_nano.a(lib_a-init.o)
 .debug_frame   0x00000000000022f8       0x2c /usr/lib/gcc/arm-none-eabi/10.3.1/../../../arm-none-eabi/lib/thumb/v7-m/nofp/libc_nano.a(lib_a-memset.o)

Cross Reference Table

Symbol                                            File
ADC1_2_IRQHandler                                 build/startup_stm32f103xb.o
AHBPrescTable                                     build/system_stm32f1xx.o
                                                  build/stm32f1xx_hal_rcc.o
APBPrescTable                                     build/system_stm32f1xx.o
                                                  build/stm32f1xx_hal_rcc.o
BusFault_Handler                                  build/stm32f1xx_it.o
CAN1_RX1_IRQHandler                               build/startup_stm32f103xb.o
CAN1_SCE_IRQHandler                               build/startup_stm32f103xb.o
DMA1_Channel1_IRQHandler                          build/startup_stm32f103xb.o
DMA1_Channel2_IRQHandler                          build/startup_stm32f103xb.o
DMA1_Channel3_IRQHandler                          build/startup_stm32f103xb.o
DMA1_Channel4_IRQHandler                          build/startup_stm32f103xb.o
DMA1_Channel5_IRQHandler                          build/startup_stm32f103xb.o
DMA1_Channel6_IRQHandler                          build/startup_stm32f103xb.o
DMA1_Channel7_IRQHandler                          build/startup_stm32f103xb.o
DebugMon_Handler                                  build/stm32f1xx_it.o
Default_Handler                                   build/startup_stm32f103xb.o
EXTI0_IRQHandler                                  build/startup_stm32f103xb.o
EXTI15_10_IRQHandler                              build/startup_stm32f103xb.o
EXTI1_IRQHandler                                  build/startup_stm32f103xb.o
EXTI2_IRQHandler                                  build/startup_stm32f103xb.o
EXTI3_IRQHandler                                  build/startup_stm32f103xb.o
EXTI4_IRQHandler                                  build/startup_stm32f103xb.o
EXTI9_5_IRQHandler                                build/startup_stm32f103xb.o
Error_Handler                                     build/main.o
FLASH_IRQHandler                                  build/startup_stm32f103xb.o
FLASH_PageErase                                   build/stm32f1xx_hal_flash_ex.o
                                                  build/stm32f1xx_hal_flash.o
FLASH_WaitForLastOperation                        build/stm32f1xx_hal_flash.o
                                                  build/stm32f1xx_hal_flash_ex.o
HAL_CAN_AbortTxRequest                            build/stm32f1xx_hal_can.o
HAL_CAN_ActivateNotification                      build/stm32f1xx_hal_can.o
HAL_CAN_AddTxMessage                              build/stm32f1xx_hal_can.o
HAL_CAN_ConfigFilter                              build/stm32f1xx_hal_can.o
HAL_CAN_DeInit                                    build/stm32f1xx_hal_can.o
HAL_CAN_DeactivateNotification                    build/stm32f1xx_hal_can.o
HAL_CAN_ErrorCallback                             build/stm32f1xx_hal_can.o
HAL_CAN_GetError                                  build/stm32f1xx_hal_can.o
HAL_CAN_GetRxFifoFillLevel                        build/stm32f1xx_hal_can.o
HAL_CAN_GetRxMessage                              build/stm32f1xx_hal_can.o
HAL_CAN_GetState                                  build/stm32f1xx_hal_can.o
HAL_CAN_GetTxMailboxesFreeLevel                   build/stm32f1xx_hal_can.o
HAL_CAN_GetTxTimestamp                            build/stm32f1xx_hal_can.o
HAL_CAN_IRQHandler                                build/stm32f1xx_hal_can.o
HAL_CAN_Init                                      build/stm32f1xx_hal_can.o
                                                  build/main.o
HAL_CAN_IsSleepActive                             build/stm32f1xx_hal_can.o
HAL_CAN_IsTxMessagePending                        build/stm32f1xx_hal_can.o
HAL_CAN_MspDeInit                                 build/stm32f1xx_hal_msp.o
HAL_CAN_MspInit                                   build/stm32f1xx_hal_msp.o
HAL_CAN_RequestSleep                              build/stm32f1xx_hal_can.o
HAL_CAN_ResetError                                build/stm32f1xx_hal_can.o
HAL_CAN_RxFifo0FullCallback                       build/stm32f1xx_hal_can.o
HAL_CAN_RxFifo0MsgPendingCallback                 build/stm32f1xx_hal_can.o
HAL_CAN_RxFifo1FullCallback                       build/stm32f1xx_hal_can.o
HAL_CAN_RxFifo1MsgPendingCallback                 build/stm32f1xx_hal_can.o
HAL_CAN_SleepCallback                             build/stm32f1xx_hal_can.o
HAL_CAN_Start                                     build/stm32f1xx_hal_can.o
HAL_CAN_Stop                                      build/stm32f1xx_hal_can.o
HAL_CAN_TxMailbox0AbortCallback                   build/stm32f1xx_hal_can.o
HAL_CAN_TxMailbox0CompleteCallback                build/stm32f1xx_hal_can.o
HAL_CAN_TxMailbox1AbortCallback                   build/stm32f1xx_hal_can.o
HAL_CAN_TxMailbox1CompleteCallback                build/stm32f1xx_hal_can.o
HAL_CAN_TxMailbox2AbortCallback                   build/stm32f1xx_hal_can.o
HAL_CAN_TxMailbox2CompleteCallback                build/stm32f1xx_hal_can.o
HAL_CAN_WakeUp                                    build/stm32f1xx_hal_can.o
HAL_CAN_WakeUpFromRxMsgCallback                   build/stm32f1xx_hal_can.o
HAL_DBGMCU_DisableDBGSleepMode                    build/stm32f1xx_hal.o
HAL_DBGMCU_DisableDBGStandbyMode                  build/stm32f1xx_hal.o
HAL_DBGMCU_DisableDBGStopMode                     build/stm32f1xx_hal.o
HAL_DBGMCU_EnableDBGSleepMode                     build/stm32f1xx_hal.o
HAL_DBGMCU_EnableDBGStandbyMode                   build/stm32f1xx_hal.o
HAL_DBGMCU_EnableDBGStopMode                      build/stm32f1xx_hal.o
HAL_DMA_Abort                                     build/stm32f1xx_hal_dma.o
                                                  build/stm32f1xx_hal_spi.o
HAL_DMA_Abort_IT                                  build/stm32f1xx_hal_dma.o
                                                  build/stm32f1xx_hal_spi.o
HAL_DMA_DeInit                                    build/stm32f1xx_hal_dma.o
HAL_DMA_GetError                                  build/stm32f1xx_hal_dma.o
HAL_DMA_GetState                                  build/stm32f1xx_hal_dma.o
HAL_DMA_IRQHandler                                build/stm32f1xx_hal_dma.o
HAL_DMA_Init                                      build/stm32f1xx_hal_dma.o
HAL_DMA_PollForTransfer                           build/stm32f1xx_hal_dma.o
HAL_DMA_RegisterCallback                          build/stm32f1xx_hal_dma.o
HAL_DMA_Start                                     build/stm32f1xx_hal_dma.o
HAL_DMA_Start_IT                                  build/stm32f1xx_hal_dma.o
                                                  build/stm32f1xx_hal_spi.o
HAL_DMA_UnRegisterCallback                        build/stm32f1xx_hal_dma.o
HAL_DeInit                                        build/stm32f1xx_hal.o
HAL_Delay                                         build/stm32f1xx_hal.o
HAL_EXTI_ClearConfigLine                          build/stm32f1xx_hal_exti.o
HAL_EXTI_ClearPending                             build/stm32f1xx_hal_exti.o
HAL_EXTI_GenerateSWI                              build/stm32f1xx_hal_exti.o
HAL_EXTI_GetConfigLine                            build/stm32f1xx_hal_exti.o
HAL_EXTI_GetHandle                                build/stm32f1xx_hal_exti.o
HAL_EXTI_GetPending                               build/stm32f1xx_hal_exti.o
HAL_EXTI_IRQHandler                               build/stm32f1xx_hal_exti.o
HAL_EXTI_RegisterCallback                         build/stm32f1xx_hal_exti.o
HAL_EXTI_SetConfigLine                            build/stm32f1xx_hal_exti.o
HAL_FLASHEx_Erase                                 build/stm32f1xx_hal_flash_ex.o
HAL_FLASHEx_Erase_IT                              build/stm32f1xx_hal_flash_ex.o
HAL_FLASHEx_OBErase                               build/stm32f1xx_hal_flash_ex.o
HAL_FLASHEx_OBGetConfig                           build/stm32f1xx_hal_flash_ex.o
HAL_FLASHEx_OBGetUserData                         build/stm32f1xx_hal_flash_ex.o
HAL_FLASHEx_OBProgram                             build/stm32f1xx_hal_flash_ex.o
HAL_FLASH_EndOfOperationCallback                  build/stm32f1xx_hal_flash.o
HAL_FLASH_GetError                                build/stm32f1xx_hal_flash.o
HAL_FLASH_IRQHandler                              build/stm32f1xx_hal_flash.o
HAL_FLASH_Lock                                    build/stm32f1xx_hal_flash.o
HAL_FLASH_OB_Launch                               build/stm32f1xx_hal_flash.o
HAL_FLASH_OB_Lock                                 build/stm32f1xx_hal_flash.o
HAL_FLASH_OB_Unlock                               build/stm32f1xx_hal_flash.o
HAL_FLASH_OperationErrorCallback                  build/stm32f1xx_hal_flash.o
HAL_FLASH_Program                                 build/stm32f1xx_hal_flash.o
HAL_FLASH_Program_IT                              build/stm32f1xx_hal_flash.o
HAL_FLASH_Unlock                                  build/stm32f1xx_hal_flash.o
HAL_GPIOEx_ConfigEventout                         build/stm32f1xx_hal_gpio_ex.o
HAL_GPIOEx_DisableEventout                        build/stm32f1xx_hal_gpio_ex.o
HAL_GPIOEx_EnableEventout                         build/stm32f1xx_hal_gpio_ex.o
HAL_GPIO_DeInit                                   build/stm32f1xx_hal_gpio.o
                                                  build/stm32f1xx_hal_msp.o
HAL_GPIO_EXTI_Callback                            build/stm32f1xx_hal_gpio.o
HAL_GPIO_EXTI_IRQHandler                          build/stm32f1xx_hal_gpio.o
HAL_GPIO_Init                                     build/stm32f1xx_hal_gpio.o
                                                  build/stm32f1xx_hal_rcc.o
                                                  build/stm32f1xx_hal_msp.o
                                                  build/main.o
                                                  build/gpio.o
HAL_GPIO_LockPin                                  build/stm32f1xx_hal_gpio.o
HAL_GPIO_ReadPin                                  build/stm32f1xx_hal_gpio.o
                                                  build/gpio.o
HAL_GPIO_TogglePin                                build/stm32f1xx_hal_gpio.o
                                                  build/gpio.o
HAL_GPIO_WritePin                                 build/stm32f1xx_hal_gpio.o
                                                  build/main.o
                                                  build/gpio.o
HAL_GetDEVID                                      build/stm32f1xx_hal.o
HAL_GetHalVersion                                 build/stm32f1xx_hal.o
HAL_GetREVID                                      build/stm32f1xx_hal.o
HAL_GetTick                                       build/stm32f1xx_hal.o
                                                  build/stm32f1xx_hal_spi.o
                                                  build/stm32f1xx_hal_flash.o
                                                  build/stm32f1xx_hal_dma.o
                                                  build/stm32f1xx_hal_rcc_ex.o
                                                  build/stm32f1xx_hal_rcc.o
                                                  build/stm32f1xx_hal_can.o
HAL_GetTickFreq                                   build/stm32f1xx_hal.o
HAL_GetTickPrio                                   build/stm32f1xx_hal.o
HAL_GetUIDw0                                      build/stm32f1xx_hal.o
HAL_GetUIDw1                                      build/stm32f1xx_hal.o
HAL_GetUIDw2                                      build/stm32f1xx_hal.o
HAL_IncTick                                       build/stm32f1xx_hal.o
                                                  build/stm32f1xx_it.o
HAL_Init                                          build/stm32f1xx_hal.o
                                                  build/main.o
HAL_InitTick                                      build/stm32f1xx_hal.o
                                                  build/stm32f1xx_hal_rcc.o
HAL_MspDeInit                                     build/stm32f1xx_hal.o
HAL_MspInit                                       build/stm32f1xx_hal_msp.o
HAL_NVIC_ClearPendingIRQ                          build/stm32f1xx_hal_cortex.o
HAL_NVIC_DisableIRQ                               build/stm32f1xx_hal_cortex.o
HAL_NVIC_EnableIRQ                                build/stm32f1xx_hal_cortex.o
HAL_NVIC_GetActive                                build/stm32f1xx_hal_cortex.o
HAL_NVIC_GetPendingIRQ                            build/stm32f1xx_hal_cortex.o
HAL_NVIC_GetPriority                              build/stm32f1xx_hal_cortex.o
HAL_NVIC_GetPriorityGrouping                      build/stm32f1xx_hal_cortex.o
HAL_NVIC_SetPendingIRQ                            build/stm32f1xx_hal_cortex.o
HAL_NVIC_SetPriority                              build/stm32f1xx_hal_cortex.o
                                                  build/stm32f1xx_hal.o
                                                  build/stm32f1xx_hal_msp.o
HAL_NVIC_SetPriorityGrouping                      build/stm32f1xx_hal_cortex.o
                                                  build/stm32f1xx_hal.o
HAL_NVIC_SystemReset                              build/stm32f1xx_hal_cortex.o
                                                  build/stm32f1xx_hal_flash.o
HAL_PWR_ConfigPVD                                 build/stm32f1xx_hal_pwr.o
HAL_PWR_DeInit                                    build/stm32f1xx_hal_pwr.o
HAL_PWR_DisableBkUpAccess                         build/stm32f1xx_hal_pwr.o
HAL_PWR_DisablePVD                                build/stm32f1xx_hal_pwr.o
HAL_PWR_DisableSEVOnPend                          build/stm32f1xx_hal_pwr.o
HAL_PWR_DisableSleepOnExit                        build/stm32f1xx_hal_pwr.o
HAL_PWR_DisableWakeUpPin                          build/stm32f1xx_hal_pwr.o
HAL_PWR_EnableBkUpAccess                          build/stm32f1xx_hal_pwr.o
HAL_PWR_EnablePVD                                 build/stm32f1xx_hal_pwr.o
HAL_PWR_EnableSEVOnPend                           build/stm32f1xx_hal_pwr.o
HAL_PWR_EnableSleepOnExit                         build/stm32f1xx_hal_pwr.o
HAL_PWR_EnableWakeUpPin                           build/stm32f1xx_hal_pwr.o
HAL_PWR_EnterSLEEPMode                            build/stm32f1xx_hal_pwr.o
HAL_PWR_EnterSTANDBYMode                          build/stm32f1xx_hal_pwr.o
HAL_PWR_EnterSTOPMode                             build/stm32f1xx_hal_pwr.o
HAL_PWR_PVDCallback                               build/stm32f1xx_hal_pwr.o
HAL_PWR_PVD_IRQHandler                            build/stm32f1xx_hal_pwr.o
HAL_RCCEx_GetPeriphCLKConfig                      build/stm32f1xx_hal_rcc_ex.o
HAL_RCCEx_GetPeriphCLKFreq                        build/stm32f1xx_hal_rcc_ex.o
HAL_RCCEx_PeriphCLKConfig                         build/stm32f1xx_hal_rcc_ex.o
HAL_RCC_CSSCallback                               build/stm32f1xx_hal_rcc.o
HAL_RCC_ClockConfig                               build/stm32f1xx_hal_rcc.o
                                                  build/main.o
HAL_RCC_DeInit                                    build/stm32f1xx_hal_rcc.o
HAL_RCC_DisableCSS                                build/stm32f1xx_hal_rcc.o
HAL_RCC_EnableCSS                                 build/stm32f1xx_hal_rcc.o
HAL_RCC_GetClockConfig                            build/stm32f1xx_hal_rcc.o
HAL_RCC_GetHCLKFreq                               build/stm32f1xx_hal_rcc.o
HAL_RCC_GetOscConfig                              build/stm32f1xx_hal_rcc.o
HAL_RCC_GetPCLK1Freq                              build/stm32f1xx_hal_rcc.o
HAL_RCC_GetPCLK2Freq                              build/stm32f1xx_hal_rcc.o
                                                  build/stm32f1xx_hal_rcc_ex.o
HAL_RCC_GetSysClockFreq                           build/stm32f1xx_hal_rcc.o
HAL_RCC_MCOConfig                                 build/stm32f1xx_hal_rcc.o
HAL_RCC_NMI_IRQHandler                            build/stm32f1xx_hal_rcc.o
HAL_RCC_OscConfig                                 build/stm32f1xx_hal_rcc.o
                                                  build/main.o
HAL_ResumeTick                                    build/stm32f1xx_hal.o
HAL_SPI_Abort                                     build/stm32f1xx_hal_spi.o
HAL_SPI_AbortCpltCallback                         build/stm32f1xx_hal_spi.o
HAL_SPI_Abort_IT                                  build/stm32f1xx_hal_spi.o
HAL_SPI_DMAPause                                  build/stm32f1xx_hal_spi.o
HAL_SPI_DMAResume                                 build/stm32f1xx_hal_spi.o
HAL_SPI_DMAStop                                   build/stm32f1xx_hal_spi.o
HAL_SPI_DeInit                                    build/stm32f1xx_hal_spi.o
HAL_SPI_ErrorCallback                             build/stm32f1xx_hal_spi.o
HAL_SPI_GetError                                  build/stm32f1xx_hal_spi.o
HAL_SPI_GetState                                  build/stm32f1xx_hal_spi.o
HAL_SPI_IRQHandler                                build/stm32f1xx_hal_spi.o
HAL_SPI_Init                                      build/stm32f1xx_hal_spi.o
                                                  build/main.o
HAL_SPI_MspDeInit                                 build/stm32f1xx_hal_msp.o
HAL_SPI_MspInit                                   build/stm32f1xx_hal_msp.o
HAL_SPI_Receive                                   build/stm32f1xx_hal_spi.o
                                                  build/spi.o
HAL_SPI_Receive_DMA                               build/stm32f1xx_hal_spi.o
HAL_SPI_Receive_IT                                build/stm32f1xx_hal_spi.o
HAL_SPI_RxCpltCallback                            build/stm32f1xx_hal_spi.o
HAL_SPI_RxHalfCpltCallback                        build/stm32f1xx_hal_spi.o
HAL_SPI_Transmit                                  build/stm32f1xx_hal_spi.o
                                                  build/spi.o
HAL_SPI_TransmitReceive                           build/stm32f1xx_hal_spi.o
HAL_SPI_TransmitReceive_DMA                       build/stm32f1xx_hal_spi.o
HAL_SPI_TransmitReceive_IT                        build/stm32f1xx_hal_spi.o
HAL_SPI_Transmit_DMA                              build/stm32f1xx_hal_spi.o
HAL_SPI_Transmit_IT                               build/stm32f1xx_hal_spi.o
HAL_SPI_TxCpltCallback                            build/stm32f1xx_hal_spi.o
HAL_SPI_TxHalfCpltCallback                        build/stm32f1xx_hal_spi.o
HAL_SPI_TxRxCpltCallback                          build/stm32f1xx_hal_spi.o
HAL_SPI_TxRxHalfCpltCallback                      build/stm32f1xx_hal_spi.o
HAL_SYSTICK_CLKSourceConfig                       build/stm32f1xx_hal_cortex.o
HAL_SYSTICK_Callback                              build/stm32f1xx_hal_cortex.o
HAL_SYSTICK_Config                                build/stm32f1xx_hal_cortex.o
                                                  build/stm32f1xx_hal.o
HAL_SYSTICK_IRQHandler                            build/stm32f1xx_hal_cortex.o
HAL_SetTickFreq                                   build/stm32f1xx_hal.o
HAL_SuspendTick                                   build/stm32f1xx_hal.o
HardFault_Handler                                 build/stm32f1xx_it.o
I2C1_ER_IRQHandler                                build/startup_stm32f103xb.o
I2C1_EV_IRQHandler                                build/startup_stm32f103xb.o
I2C2_ER_IRQHandler                                build/startup_stm32f103xb.o
I2C2_EV_IRQHandler                                build/startup_stm32f103xb.o
MemManage_Handler                                 build/stm32f1xx_it.o
NMI_Handler                                       build/stm32f1xx_it.o
PVD_IRQHandler                                    build/startup_stm32f103xb.o
PendSV_Handler                                    build/port.o
RCC_IRQHandler                                    build/startup_stm32f103xb.o
RTC_Alarm_IRQHandler                              build/startup_stm32f103xb.o
RTC_IRQHandler                                    build/startup_stm32f103xb.o
Reset_Handler                                     build/startup_stm32f103xb.o
SPI1_IRQHandler                                   build/startup_stm32f103xb.o
SPI2_IRQHandler                                   build/startup_stm32f103xb.o
SVC_Handler                                       build/port.o
StartDefaultTask                                  build/main.o
SysTick_Handler                                   build/stm32f1xx_it.o
SystemClock_Config                                build/main.o
SystemCoreClock                                   build/system_stm32f1xx.o
                                                  build/port.o
                                                  build/stm32f1xx_hal_spi.o
                                                  build/stm32f1xx_hal_rcc.o
                                                  build/stm32f1xx_hal.o
SystemCoreClockUpdate                             build/system_stm32f1xx.o
SystemInit                                        build/system_stm32f1xx.o
                                                  build/startup_stm32f103xb.o
TAMPER_IRQHandler                                 build/startup_stm32f103xb.o
TIM1_BRK_IRQHandler                               build/startup_stm32f103xb.o
TIM1_CC_IRQHandler                                build/startup_stm32f103xb.o
TIM1_TRG_COM_IRQHandler                           build/startup_stm32f103xb.o
TIM1_UP_IRQHandler                                build/startup_stm32f103xb.o
TIM2_IRQHandler                                   build/startup_stm32f103xb.o
TIM3_IRQHandler                                   build/startup_stm32f103xb.o
TIM4_IRQHandler                                   build/startup_stm32f103xb.o
USART1_IRQHandler                                 build/startup_stm32f103xb.o
USART2_IRQHandler                                 build/startup_stm32f103xb.o
USART3_IRQHandler                                 build/startup_stm32f103xb.o
USBWakeUp_IRQHandler                              build/startup_stm32f103xb.o
USB_HP_CAN1_TX_IRQHandler                         build/startup_stm32f103xb.o
USB_LP_CAN1_RX0_IRQHandler                        build/startup_stm32f103xb.o
UsageFault_Handler                                build/stm32f1xx_it.o
WWDG_IRQHandler                                   build/startup_stm32f103xb.o
_ITM_deregisterTMCloneTable                       /usr/lib/gcc/arm-none-eabi/10.3.1/thumb/v7-m/nofp/crtbegin.o
_ITM_registerTMCloneTable                         /usr/lib/gcc/arm-none-eabi/10.3.1/thumb/v7-m/nofp/crtbegin.o
_Min_Stack_Size                                   build/sysmem.o
__TMC_END__                                       /usr/lib/gcc/arm-none-eabi/10.3.1/thumb/v7-m/nofp/crtend.o
                                                  /usr/lib/gcc/arm-none-eabi/10.3.1/thumb/v7-m/nofp/crtbegin.o
__atexit_dummy                                    /usr/lib/gcc/arm-none-eabi/10.3.1/../../../arm-none-eabi/lib/thumb/v7-m/nofp/libc_nano.a(lib_a-__atexit.o)
__bss_end__                                       /usr/lib/gcc/arm-none-eabi/10.3.1/../../../arm-none-eabi/lib/thumb/v7-m/nofp/crt0.o
__bss_start__                                     /usr/lib/gcc/arm-none-eabi/10.3.1/../../../arm-none-eabi/lib/thumb/v7-m/nofp/crt0.o
__call_exitprocs                                  /usr/lib/gcc/arm-none-eabi/10.3.1/../../../arm-none-eabi/lib/thumb/v7-m/nofp/libc_nano.a(lib_a-__call_atexit.o)
                                                  /usr/lib/gcc/arm-none-eabi/10.3.1/../../../arm-none-eabi/lib/thumb/v7-m/nofp/libc_nano.a(lib_a-__atexit.o)
                                                  /usr/lib/gcc/arm-none-eabi/10.3.1/../../../arm-none-eabi/lib/thumb/v7-m/nofp/libc_nano.a(lib_a-exit.o)
__deregister_frame_info                           /usr/lib/gcc/arm-none-eabi/10.3.1/thumb/v7-m/nofp/crtbegin.o
__dso_handle                                      /usr/lib/gcc/arm-none-eabi/10.3.1/thumb/v7-m/nofp/crtbegin.o
__env                                             build/syscalls.o
__errno                                           /usr/lib/gcc/arm-none-eabi/10.3.1/../../../arm-none-eabi/lib/thumb/v7-m/nofp/libc_nano.a(lib_a-errno.o)
                                                  build/syscalls.o
                                                  build/sysmem.o
__fini_array_end                                  /usr/lib/gcc/arm-none-eabi/10.3.1/../../../arm-none-eabi/lib/thumb/v7-m/nofp/libc_nano.a(lib_a-fini.o)
__fini_array_start                                /usr/lib/gcc/arm-none-eabi/10.3.1/../../../arm-none-eabi/lib/thumb/v7-m/nofp/libc_nano.a(lib_a-fini.o)
__init_array_end                                  /usr/lib/gcc/arm-none-eabi/10.3.1/../../../arm-none-eabi/lib/thumb/v7-m/nofp/libc_nano.a(lib_a-init.o)
__init_array_start                                /usr/lib/gcc/arm-none-eabi/10.3.1/../../../arm-none-eabi/lib/thumb/v7-m/nofp/libc_nano.a(lib_a-init.o)
__io_getchar                                      build/syscalls.o
__io_putchar                                      build/syscalls.o
__libc_fini_array                                 /usr/lib/gcc/arm-none-eabi/10.3.1/../../../arm-none-eabi/lib/thumb/v7-m/nofp/libc_nano.a(lib_a-fini.o)
                                                  /usr/lib/gcc/arm-none-eabi/10.3.1/../../../arm-none-eabi/lib/thumb/v7-m/nofp/crt0.o
__libc_init_array                                 /usr/lib/gcc/arm-none-eabi/10.3.1/../../../arm-none-eabi/lib/thumb/v7-m/nofp/libc_nano.a(lib_a-init.o)
                                                  build/startup_stm32f103xb.o
                                                  /usr/lib/gcc/arm-none-eabi/10.3.1/../../../arm-none-eabi/lib/thumb/v7-m/nofp/crt0.o
__on_exit_args                                    /usr/lib/gcc/arm-none-eabi/10.3.1/../../../arm-none-eabi/lib/thumb/v7-m/nofp/libc_nano.a(lib_a-__atexit.o)
__preinit_array_end                               /usr/lib/gcc/arm-none-eabi/10.3.1/../../../arm-none-eabi/lib/thumb/v7-m/nofp/libc_nano.a(lib_a-init.o)
__preinit_array_start                             /usr/lib/gcc/arm-none-eabi/10.3.1/../../../arm-none-eabi/lib/thumb/v7-m/nofp/libc_nano.a(lib_a-init.o)
__register_exitproc                               /usr/lib/gcc/arm-none-eabi/10.3.1/../../../arm-none-eabi/lib/thumb/v7-m/nofp/libc_nano.a(lib_a-__atexit.o)
                                                  /usr/lib/gcc/arm-none-eabi/10.3.1/../../../arm-none-eabi/lib/thumb/v7-m/nofp/libc_nano.a(lib_a-atexit.o)
__register_frame_info                             /usr/lib/gcc/arm-none-eabi/10.3.1/thumb/v7-m/nofp/crtbegin.o
__sf_fake_stderr                                  /usr/lib/gcc/arm-none-eabi/10.3.1/../../../arm-none-eabi/lib/thumb/v7-m/nofp/libc_nano.a(lib_a-impure.o)
__sf_fake_stdin                                   /usr/lib/gcc/arm-none-eabi/10.3.1/../../../arm-none-eabi/lib/thumb/v7-m/nofp/libc_nano.a(lib_a-impure.o)
__sf_fake_stdout                                  /usr/lib/gcc/arm-none-eabi/10.3.1/../../../arm-none-eabi/lib/thumb/v7-m/nofp/libc_nano.a(lib_a-impure.o)
__stack                                           /usr/lib/gcc/arm-none-eabi/10.3.1/../../../arm-none-eabi/lib/thumb/v7-m/nofp/crt0.o
_close                                            build/syscalls.o
_ebss                                             build/startup_stm32f103xb.o
_edata                                            build/startup_stm32f103xb.o
_end                                              build/sysmem.o
_estack                                           build/startup_stm32f103xb.o
                                                  build/sysmem.o
_execve                                           build/syscalls.o
_exit                                             build/syscalls.o
                                                  /usr/lib/gcc/arm-none-eabi/10.3.1/../../../arm-none-eabi/lib/thumb/v7-m/nofp/libc_nano.a(lib_a-exit.o)
_fini                                             /usr/lib/gcc/arm-none-eabi/10.3.1/thumb/v7-m/nofp/crti.o
                                                  /usr/lib/gcc/arm-none-eabi/10.3.1/../../../arm-none-eabi/lib/thumb/v7-m/nofp/libc_nano.a(lib_a-fini.o)
_fork                                             build/syscalls.o
_fstat                                            build/syscalls.o
_getpid                                           build/syscalls.o
_global_atexit                                    /usr/lib/gcc/arm-none-eabi/10.3.1/../../../arm-none-eabi/lib/thumb/v7-m/nofp/libc_nano.a(lib_a-__call_atexit.o)
                                                  /usr/lib/gcc/arm-none-eabi/10.3.1/../../../arm-none-eabi/lib/thumb/v7-m/nofp/libc_nano.a(lib_a-__atexit.o)
_global_impure_ptr                                /usr/lib/gcc/arm-none-eabi/10.3.1/../../../arm-none-eabi/lib/thumb/v7-m/nofp/libc_nano.a(lib_a-impure.o)
                                                  /usr/lib/gcc/arm-none-eabi/10.3.1/../../../arm-none-eabi/lib/thumb/v7-m/nofp/libc_nano.a(lib_a-exit.o)
_impure_ptr                                       /usr/lib/gcc/arm-none-eabi/10.3.1/../../../arm-none-eabi/lib/thumb/v7-m/nofp/libc_nano.a(lib_a-impure.o)
                                                  /usr/lib/gcc/arm-none-eabi/10.3.1/../../../arm-none-eabi/lib/thumb/v7-m/nofp/libc_nano.a(lib_a-errno.o)
_init                                             /usr/lib/gcc/arm-none-eabi/10.3.1/thumb/v7-m/nofp/crti.o
                                                  /usr/lib/gcc/arm-none-eabi/10.3.1/../../../arm-none-eabi/lib/thumb/v7-m/nofp/libc_nano.a(lib_a-init.o)
_isatty                                           build/syscalls.o
_kill                                             build/syscalls.o
_link                                             build/syscalls.o
_lseek                                            build/syscalls.o
_mainCRTStartup                                   /usr/lib/gcc/arm-none-eabi/10.3.1/../../../arm-none-eabi/lib/thumb/v7-m/nofp/crt0.o
_open                                             build/syscalls.o
_read                                             build/syscalls.o
_sbrk                                             build/sysmem.o
_sbss                                             build/startup_stm32f103xb.o
_sdata                                            build/startup_stm32f103xb.o
_sidata                                           build/startup_stm32f103xb.o
_stack_init                                       /usr/lib/gcc/arm-none-eabi/10.3.1/../../../arm-none-eabi/lib/thumb/v7-m/nofp/crt0.o
_start                                            /usr/lib/gcc/arm-none-eabi/10.3.1/../../../arm-none-eabi/lib/thumb/v7-m/nofp/crt0.o
_stat                                             build/syscalls.o
_times                                            build/syscalls.o
_unlink                                           build/syscalls.o
_wait                                             build/syscalls.o
_write                                            build/syscalls.o
atexit                                            /usr/lib/gcc/arm-none-eabi/10.3.1/../../../arm-none-eabi/lib/thumb/v7-m/nofp/libc_nano.a(lib_a-atexit.o)
                                                  /usr/lib/gcc/arm-none-eabi/10.3.1/../../../arm-none-eabi/lib/thumb/v7-m/nofp/crt0.o
defaultTaskHandle                                 build/main.o
environ                                           build/syscalls.o
exit                                              /usr/lib/gcc/arm-none-eabi/10.3.1/../../../arm-none-eabi/lib/thumb/v7-m/nofp/libc_nano.a(lib_a-exit.o)
                                                  /usr/lib/gcc/arm-none-eabi/10.3.1/../../../arm-none-eabi/lib/thumb/v7-m/nofp/crt0.o
g_pfnVectors                                      build/startup_stm32f103xb.o
gpio_get                                          build/gpio.o
gpio_reset                                        build/gpio.o
                                                  build/led_io.o
                                                  build/spi.o
gpio_set                                          build/gpio.o
                                                  build/led_io.o
                                                  build/spi.o
gpio_set_input                                    build/gpio.o
gpio_set_output                                   build/gpio.o
gpio_toggle                                       build/gpio.o
                                                  build/led_io.o
hardware_init_hook                                /usr/lib/gcc/arm-none-eabi/10.3.1/../../../arm-none-eabi/lib/thumb/v7-m/nofp/crt0.o
hcan                                              build/main.o
hspi2                                             build/main.o
                                                  build/platform.o
initialise_monitor_handles                        build/syscalls.o
led_blink                                         build/led.o
                                                  build/main.o
led_dev                                           build/platform.o
                                                  build/main.o
led_io_driver                                     build/led_io.o
                                                  build/platform.o
led_off                                           build/led.o
led_on                                            build/led.o
led_toggle                                        build/led.o
main                                              build/main.o
                                                  build/startup_stm32f103xb.o
                                                  /usr/lib/gcc/arm-none-eabi/10.3.1/../../../arm-none-eabi/lib/thumb/v7-m/nofp/crt0.o
malloc                                            /usr/lib/gcc/arm-none-eabi/10.3.1/../../../arm-none-eabi/lib/thumb/v7-m/nofp/libc_nano.a(lib_a-__atexit.o)
memcpy                                            /usr/lib/gcc/arm-none-eabi/10.3.1/../../../arm-none-eabi/lib/thumb/v7-m/nofp/libc_nano.a(lib_a-memcpy.o)
                                                  build/stream_buffer.o
                                                  build/queue.o
memset                                            /usr/lib/gcc/arm-none-eabi/10.3.1/../../../arm-none-eabi/lib/thumb/v7-m/nofp/libc_nano.a(lib_a-memset.o)
                                                  build/stream_buffer.o
                                                  build/main.o
                                                  build/spi.o
                                                  /usr/lib/gcc/arm-none-eabi/10.3.1/../../../arm-none-eabi/lib/thumb/v7-m/nofp/crt0.o
osAbortDelay                                      build/cmsis_os.o
osDelay                                           build/cmsis_os.o
                                                  build/led.o
osDelayUntil                                      build/cmsis_os.o
osKernelRunning                                   build/cmsis_os.o
osKernelStart                                     build/cmsis_os.o
                                                  build/main.o
osKernelSysTick                                   build/cmsis_os.o
osMailAlloc                                       build/cmsis_os.o
osMailCAlloc                                      build/cmsis_os.o
osMailCreate                                      build/cmsis_os.o
osMailFree                                        build/cmsis_os.o
osMailGet                                         build/cmsis_os.o
osMailPut                                         build/cmsis_os.o
osMessageAvailableSpace                           build/cmsis_os.o
osMessageCreate                                   build/cmsis_os.o
osMessageDelete                                   build/cmsis_os.o
osMessageGet                                      build/cmsis_os.o
osMessagePeek                                     build/cmsis_os.o
osMessagePut                                      build/cmsis_os.o
osMessageWaiting                                  build/cmsis_os.o
osMutexCreate                                     build/cmsis_os.o
                                                  build/spi.o
osMutexDelete                                     build/cmsis_os.o
osMutexRelease                                    build/cmsis_os.o
                                                  build/spi.o
osMutexWait                                       build/cmsis_os.o
                                                  build/spi.o
osPoolAlloc                                       build/cmsis_os.o
osPoolCAlloc                                      build/cmsis_os.o
osPoolCreate                                      build/cmsis_os.o
osPoolFree                                        build/cmsis_os.o
osRecursiveMutexCreate                            build/cmsis_os.o
osRecursiveMutexRelease                           build/cmsis_os.o
osRecursiveMutexWait                              build/cmsis_os.o
osSemaphoreCreate                                 build/cmsis_os.o
osSemaphoreDelete                                 build/cmsis_os.o
osSemaphoreGetCount                               build/cmsis_os.o
osSemaphoreRelease                                build/cmsis_os.o
osSemaphoreWait                                   build/cmsis_os.o
osSignalSet                                       build/cmsis_os.o
osSignalWait                                      build/cmsis_os.o
osSystickHandler                                  build/cmsis_os.o
osThreadCreate                                    build/cmsis_os.o
                                                  build/main.o
osThreadGetId                                     build/cmsis_os.o
osThreadGetPriority                               build/cmsis_os.o
osThreadList                                      build/cmsis_os.o
osThreadResume                                    build/cmsis_os.o
osThreadResumeAll                                 build/cmsis_os.o
osThreadSetPriority                               build/cmsis_os.o
osThreadSuspend                                   build/cmsis_os.o
osThreadSuspendAll                                build/cmsis_os.o
osThreadTerminate                                 build/cmsis_os.o
osThreadYield                                     build/cmsis_os.o
osTimerCreate                                     build/cmsis_os.o
osTimerDelete                                     build/cmsis_os.o
osTimerStart                                      build/cmsis_os.o
osTimerStop                                       build/cmsis_os.o
os_mutex_def_spi_mutex                            build/spi.o
pFlash                                            build/stm32f1xx_hal_flash.o
                                                  build/stm32f1xx_hal_flash_ex.o
pcQueueGetName                                    build/queue.o
pcTaskGetName                                     build/tasks.o
pvPortMalloc                                      build/heap_4.o
                                                  build/cmsis_os.o
                                                  build/tasks.o
                                                  build/stream_buffer.o
                                                  build/queue.o
                                                  build/event_groups.o
pvTaskIncrementMutexHeldCount                     build/tasks.o
                                                  build/queue.o
pxCurrentTCB                                      build/tasks.o
                                                  build/port.o
pxPortInitialiseStack                             build/port.o
                                                  build/tasks.o
software_init_hook                                /usr/lib/gcc/arm-none-eabi/10.3.1/../../../arm-none-eabi/lib/thumb/v7-m/nofp/crt0.o
spi_dev                                           build/platform.o
                                                  build/main.o
spi_init                                          build/spi.o
                                                  build/main.o
spi_read                                          build/spi.o
spi_ss_off                                        build/spi.o
spi_ss_on                                         build/spi.o
spi_write                                         build/spi.o